#PVF_File

`蘋檜`
30
`螢溥離晦`
5
`潯渦 鷓贗`
54
`漆喫 葆檣`
76
`蓬嬴該`
20
`掏癱旋楝粽 餌辨 陛棟`
34
`綰煎辦 蝶塭檜觼`
18
`橾嫦擒撩`
3
`奩萄衛 濩朝棻!`
50
`警蝸 攪 蝶騷攪`
25
`觼塭辦纂`
2
`贗煎 葆蝶攪葬`
45
`繹骯堅`
1
`喧驕`
12
`斜楚楝曖 唳骨 葆蝶攪葬`
57
`喧戲煎 替酗棻`
35
`碟褐`
8
`釭曖 奢問葬蛟擎!!`
63
`獄 觼楝敷`
4
`撩 獗唸`
31
`鼠葉 鎰晦`
9
`夥棺 癱繫`
75
`警蝸 煎葭`
53
`煎鑄`
6
`斜僭 癱繫`
52
`該 鑄`
46
`斜椰議凱`
55
`繹旎鬼`
7
`警蝸 贗煎鍔 鑄`
26
`寥粽溯檜醴`
10
`贗煎鍔 鑄`
19
`堝瞪 鼠葉鎰晦`
11
`檜醞 癱繫`
43
`縑橫蓬顫檜傘`
62
`攪 蝶騷攪`
13
`斜塭遴萄 鷓贗`
106
`蝸塭檜註 斜椰`
51
`葆遴`
14
`棲菟 蝶`
77
`警蝸 橾嫦擒撩`
48
`警蝸 綰煎辦 蝶塭檜觼`
28
`晦奢濰`
16
`警蝸 漆喫 葆檣`
102
`餌濠`
15
`鷓曄曖 醴`
36
`奢醞 嫖晦`
17
`警蝸 喧驕`
21
`鬼溺 纔檜觼 棻遴`
22
`翱旎獎`
193
`警蝸 螢溥離晦`
23
`煎葭`
49
`警蝸 該 鑄`
47
`奩問`
115
`膩曖 陝`
41
`釭摹曖 喧 : 輿 鬼`
159
`警蝸 煎鑄`
24
`警蝸 鼠葉 鎰晦`
27
`輿殮葆`
33
`維曖 耀`
29
`攪 蝶騷攪 鬼`
132
`絮縑 櫛熨`
32
`漆喫 葆檣 鬼`
143
`鬼掏`
37
`絮煽 癱繫`
38
`儅貲溘 熨溼`
195
`晝模 雖薑`
39
`紫嫦`
44
`寞霜`
182
`晦獄晦 熨溼 鬼`
149
`牖爾`
108
`釭摹曖 喧`
40
`喧 陛萄`
42
`蝶塭檜醴曖 唳骨 葆蝶攪葬`
56
`煤葭 蝶檜觼 鬼`
147
`塭檜棚 渣蝶 鬼`
139
`韓陝`
58
`警蝸 韓陝`
59
`綰楣 癱繫`
60
`警蝸 癱繫`
61
`徽瞳檣 翱模`
65
`旎堝 : 褕曖 喧熱`
67
`煤葭 蝶檜觼`
89
`塭檜棚 渣蝶`
68
`艙潑`
69
`蝶葬檜攪曖 醞骨 葆蝶攪葬`
73
`膩 韓陝 鬼`
140
`觼溯檜雖 嫦蘊`
74
``
184
`蹴膩`
78
`堝貲 : 餌釭遴 維曖 喧熱`
79
`堝問`
80
`喀 蝶鹿`
81
`饜蝶蠔 鑄`
82
`癱繫 葆蝶攪葬`
177
`膩 韓陝`
83
`褐翱問`
84
``
85
`綰煎辦 蝶塭檜觼 鬼`
148
`旎鬼潑`
86
`喫虜 棻!!`
121
`蝶鹿 憐`
87
`諦橾萄 議凱 蝶檜觼`
88
`晦雖撮`
90
`唳骨 葆蝶攪葬`
172
`該蝸 衛`
91
`警蝸 旎鬼潑`
92
`警蝸 堝問`
93
`警蝸 繹骯堅`
94
`警蝸 喀 蝶鹿`
95
`警蝸 煤葭 蝶檜觼`
96
`喧葆蝶攪曖 繭 骨褡 葆蝶攪葬`
97
`警蝸 喧 陛萄`
98
`警蝸 餌濠`
99
`警蝸 晦奢濰`
100
`警蝸 饜蝶蠔 鑄`
103
`繭種雖惚`
105
`警蝸 斜塭遴萄 鷓贗`
107
`鬼 癱繫`
109
`濠翕 濰瞪`
110
`釭摹曖 喧 : 轎 `
111
`釭摹曖 喧 : 輿`
112
`警蝸 釭摹曖 喧 : 轎`
113
`喧曖 斛曖`
114
`繭熱繭寰`
116
`喧 蝶橫`
117
`橫蝶`
118
`嬴檜蠱 羹`
179
`蝶酈 獐`
119
`晦奢`
120
`蝶 鑄`
122
`惜餌`
123
`翱黴`
124
`旎鬼潑 鬼`
125
`鼠葉 鎰晦 鬼`
126
`喧驕 鬼`
127
`繹旎鬼 鬼`
128
`韓陝 鬼`
129
`煎鑄 鬼`
130
`觼塭辦纂 鬼`
131
`晦奢濰 鬼`
133
`堝瞪 鼠葉鎰晦 鬼`
134
`饜蝶蠔 鑄 鬼`
135
`堝貲 : 餌釭遴 維曖 喧熱 鬼`
136
`獄 觼楝敷 鬼`
137
`斜塭遴萄 鷓贗 鬼`
138
`斜僭癱繫 鬼`
141
`紫嫦 鬼`
142
`棲菟 蝶 鬼`
144
`喀 蝶鹿 鬼`
145
`潯渦 鷓贗 鬼`
146
`螢溥離晦 鬼`
150
`該 鑄 鬼`
151
`碟褐 鬼`
152
`奢醞 嫖晦 鬼`
153
`喧陛萄 鬼`
154
`艙潑 鬼`
155
`餌濠 鬼`
156
`晦雖撮 鬼`
157
`釭摹曖 喧 : 轎 鬼`
158
`堝問 鬼`
160
`贗煎鍔 鑄 鬼`
161
`繹骯堅 鬼`
162
`橾嫦擒撩 鬼`
163
`夥棺 癱繫 鬼`
164
`絮煽 癱繫 鬼`
165
`煎葭 鬼`
166
`縑橫蓬顫檜傘 鬼`
167
`蝶鹿 憐 鬼`
168
`旎 骨褡 葆蝶攪葬`
196
`寥蝶變`
169
`警蝸 寥蝶變`
170
`警蝸 嬴檜蠱 癱繫`
171
`醞骨 葆蝶攪葬`
173
`晦獄晦 熨溼`
174
`葆徹睡罹`
191
`紫擒`
175
`堅渠曖 晦橘`
176
`僭葬 寥 橫鷗`
178
`碳掉曖 曖雖`
180
`撮奢`
181
`晦啗`
183
`陛避 骨褡 葆蝶攪葬`
185
`模 檣 薯濛`
192
`僭葬 觼葬鏽 `
186
`繭 骨褡葆蝶攪葬`
187
`葆徹 觼葬鏽 `
188
`葆徹 寥 橫鷗`
189
`襬 蝶鼴註`
190
`羹 鼻薄 翮晦`
194
`鐘幗瞪`
197
`望萄 : 偃檣 棟溘 鼻`
200
`緒艇 撩濰擊 嬪 褻樹`
201
`奩萄衛 濩朝棻! 鬼`
210
`諦橾萄 議凱 蝶檜觼 鬼`
211
`雖棟 嫦殖`
212
`薑褐溘 堅曄`
213
`瞳醞 熨溼`
214
` 熨溼`
215
`HP 犒 襠霞`
216
`MP 犒 襠霞`
217
`樓撩 奢問 熨溼`
218
`樓撩 盪 欽溼`
219