#PVF_File

`嬴檜蝶 煎萄`
7
`綵唸餌曖 陛避 骨褡 葆蝶攪葬`
37
`檜橫煎萄`
6
`嬴檜蝶 觼楚蓮`
15
`嬴檜蝶 螃粽`
60
`晦啗`
183
`熱檣羹`
35
`孺萄 蝶塭檜觼`
1
`葆徹睡罹`
191
`紫擒`
175
`樓撩 嫦翕`
5
`羹檣塭檜棚`
2
`綿濠瑞 棻瑞晦`
91
`棻觼棲蝶 詮 鬼`
234
`觼葬蝶驍 橫鷗 `
3
`縣溯詮驍 溯檣`
30
`敝撲`
9
`溯歜 憮贗`
11
`橫蝶 螃粽 嬴檜蝶`
10
`懍瞪`
4
`鐘撫溯檜`
61
`膩 寞 鬼`
237
`僭渠`
26
`嫦`
22
`綵寥匐`
8
`癱繫 葆蝶攪葬`
177
`嬴檜蝶 緊 該`
12
`斛曖 僭晦菅`
13
`醞骨 葆蝶攪葬`
173
`緒艇 撩濰擊 嬪 褻樹`
201
`縣溯詮驍 褒萄`
19
`嬴檜蝶 觼葬蝶驍 凜錶`
14
`嬴檜蠱 羹`
179
`嬴檜蝶裔`
32
`粽煎贖 擁煎辦`
16
`旎釭濰`
17
`衙霜 議凱`
18
`樓撩 爾`
34
`蘿溯`
20
`撮奢`
181
`撲翱璽`
21
`瞪癱璽`
23
`模 檣 薯濛`
192
`僭葬 觼葬鏽 `
186
`唳骨 葆蝶攪葬`
172
`棻觼棲蝶 詮`
24
`碳餌`
33
`堅渠曖 晦橘`
176
`翱樓嫦餌`
25
`膩 寞`
27
`葆釭 輿`
28
`塭檜棚 錯`
29
`奢貲`
31
`矗萄塭曖 陛`
50
`縣溯詮驍 幗蝶攪`
49
`縣溯詮驍 夥該曖 繭 骨褡 葆蝶攪葬`
36
`綵盟`
48
`嬴檜蝶 萄`
63
`縣溯詮驍 羹檣`
51
`縣溯詮驍 蝶塭檜觼`
62
`旎 骨褡 葆蝶攪葬`
196
`寥蝶變`
169
`晦獄晦 熨溼`
174
`僭葬 寥 橫鷗`
178
`碳掉曖 曖雖`
180
`寞霜`
182
``
184
`橫蝶 螃粽 嬴檜蝶 鬼`
220
`陛避 骨褡 葆蝶攪葬`
185
`繭 骨褡葆蝶攪葬`
187
`葆徹 觼葬鏽 `
188
`葆徹 寥 橫鷗`
189
`襬 蝶鼴註`
190
`翱旎獎`
193
`羹 鼻薄 翮晦`
194
`儅貲溘 熨溼`
195
`鐘幗瞪`
197
`望萄 : 偃檣 棟溘 鼻`
200
`孺萄 蝶塭檜觼 鬼`
211
`羹檣塭檜棚 鬼`
212
`觼葬蝶驍 橫鷗 鬼`
213
`懍瞪 鬼`
214
`檜橫煎萄 鬼`
216
`嬴檜蝶 煎萄 鬼`
217
`綵寥匐 鬼`
218
`溯歜 憮贗 鬼`
221
`敝撲 鬼`
219
`嬴檜蝶 緊 該 鬼`
222
`斛曖 僭晦菅 鬼`
223
`嬴檜蝶 觼葬蝶驍 凜錶 鬼`
224
`嬴檜蝶 觼楚蓮 鬼`
225
`粽煎贖 擁煎辦 鬼`
226
`旎釭濰 鬼`
227
`衙霜 議凱 鬼`
228
`縣溯詮驍 褒萄 鬼`
229
`撲翱璽 鬼`
231
`瞪癱璽 鬼`
233
`翱樓嫦餌 鬼`
235
`僭渠 鬼`
236
`塭檜棚 錯 鬼`
239
`縣溯詮驍 溯檣 鬼`
240
`奢貲 鬼`
241
`嬴檜蝶裔 鬼`
242