#PVF_File

`幗憮醴曖 醞骨 葆蝶攪葬`
56
`唳骨 葆蝶攪葬`
172
`警蝸 陛萄`
45
`模 檣 薯濛`
192
`僭葬 觼葬鏽 `
186
`棻觼 獐`
2
`縑膘 觼`
16
`棻觼 觼煎蝶`
64
`棻觼 `
44
`陛萄`
1
`棻觼 溯歜 模萄`
82
`螃饜 陛萄`
3
`警蝸 敝霤`
28
`錚檜粽`
20
`萄煎辦 模萄`
9
`蘋濤`
25
`敝霤 萄塭檜粽`
6
`鐘幗瞪`
197
`棻觼 楝蝶`
31
`橫菸曖 菩晦 葆蝶攪葬`
15
`橫菸曖 紫 葆蝶攪葬`
13
`棻觼 模萄`
103
`棻觼 蝸楚蓮`
5
` 蝶衙蓮`
65
`陞隸`
23
`橫菸曖 惜匐 葆蝶攪葬`
4
`翕 薯`
32
`粽葬 飄`
8
`羈蝶驛 鬼`
225
`警蝸 欽奢霤`
26
`鼠晦曖 斛曖`
27
`檜賊 菴餵晦`
7
`警蝸 翕匐 `
10
`澗觼 錚檜粽`
57
`離雖 幗蝶`
98
`橫菸曖 模匐 葆蝶攪葬`
12
`斛 敝匐獎, 衝`
86
`噙楝蝶`
11
`跦煬 換曖 粽溯詮`
41
`晦諾撩`
63
`翕陝檣`
47
`警蝸 綰楝萄楝蝶`
54
`橫菸曖 渠匐 葆蝶攪葬`
14
`輿`
40
`奢醞 翱樓 漆晦`
17
`綵曖`
18
`傢晦曖 餌撿`
36
`褊濠`
19
`賅詮攪葬 蝸楚蓮`
60
`瞰薯脹 奢問`
39
`棻觼 粽溯檜觼`
81
`殖曖 醴`
30
`翕匐 綵檣`
21
`翕匐 膩`
22
`薑褐檜 廓翻!`
53
`棻觼 櫛蝶煎蟒`
24
`髦晦馬雖`
55
`鼠誰 鬼`
213
`橫菸曖 耀`
29
`褐樓 鼠晦 掖羹`
37
`濤艙曖 馨檜陛`
84
`惜匐 餌辨 陛棟`
33
`棻檜萄`
34
`餌蝸 薯`
35
`橫`
46
`警蝸 翮霤`
59
`霞奢霤 鬼`
211
`螃幗萄塭檜粽`
38
`斜楠萄 錚檜粽`
50
`敝衝`
42
`棻檜萄 鬼`
148
`熱塭 霞奢霤`
51
`蟾鼻綠`
43
`警蝸 橫 蝸楚蓮`
48
`艙匐鼠 鬼`
217
`寥蝶變 醴攪`
49
`巍爾撢4`
122
`髦曖曖 翕`
52
`醞骨 葆蝶攪葬`
173
`巍爾撢3`
121
`漆檣 蝸楚蓮`
58
`望萄 : 偃檣 棟溘 鼻`
200
`嬴熱塭曖 旎 骨褡 葆蝶攪葬`
61
`鼠誰`
62
`警蝸 種骯問`
66
`葬 敝匐獎`
67
`輿 鬼`
149
`棻觼 觼楚敷`
68
`橾瑞蟒 蝸楚蓮`
73
`警蝸 離雖 觼楚衛`
69
`警蝸 溯檜癒 葬`
70
`警蝸 敝僥奩`
71
`楚萄 鼠粽`
72
`錚檜粽 蝶`
74
`碳掉曖 曖雖`
180
`羲煽曖 塭餌`
75
`溶雖`
76
`蝶 橫鷗`
77
`警蝸 堅橫觼煎蝶`
78
`翱旎獎`
193
`棻觼 溯檜粽`
79
`虜錯 殖維 漆晦`
80
`警蝸 殖維漆晦`
83
`螃饜 陛萄 鬼`
145
`櫛蝶葡 螃幗鑒`
85
`摹曖 蹺橘`
90
`薯 7曖 敝褐 : 惜曖 綰塭蓬`
87
`綰楝萄 模萄 鬼`
168
`翕曖 換`
88
`艦曖 奢`
89
`僭葬 寥 橫鷗`
178
`斛 敝匐獎, 霤繹衝`
91
`褕寰`
92
`模選粽葭橫曖 繭 骨褡 葆蝶攪葬`
93
`錚葆蝶攪曖 唳骨 葆蝶攪葬`
94
`羈蝶驛 塭檜操旋`
95
`唸薑曖 餌撿`
96
`離雖 觼楚衛 鬼`
218
`斛蟾嫦紫`
97
`巍爾撢0`
118
`斛翕匐 膩`
99
`斛翕匐 綵檣`
100
`幗蝶 葬`
101
`綰楝萄 瑞檣`
102
`欽奢霤 鬼`
143
`警蝸 綰楝萄 模萄`
104
`盟褕`
105
`警蝸 盟褕`
106
`橫蝶 蝶塭檜觼`
107
`夥遴蝶 綰煎辦`
108
`盟褕 蝓`
109
`盟褕 鬼`
110
`嶼 橫鷗`
111
`葬 蝶龔`
112
`警蝸 敝匐`
113
`警蝸 鳴問匐`
114
`敝匐 鬼`
115
`鳴問匐 鬼`
116
`棻觼 錚檜粽`
117
`巍爾撢1`
119
`巍爾撢2`
120
`巍爾撢5`
123
`褊濠 鬼`
139
`翕匐 雖翮 鬼`
140
`堅橫 觼煎蝶 鬼`
141
`敝霤 鬼`
142
`檜賊 菴餵晦 鬼`
144
`跦煬 換曖 粽溯詮 鬼`
146
`傢晦曖 餌撿 鬼`
224
`嬴醒溯檜雖 粽溯檜觼 鬼`
167
`綵曖 鬼`
147
`髦曖曖 翕 鬼`
150
`翕陝檣 鬼`
151
`裊瑟欽奢霤 鬼`
152
`縑膘 觼 鬼`
153
`嫦紫 鬼`
154
`殖維 漆晦 鬼`
155
`羲煽曖 塭餌 鬼`
156
`種骯問 鬼`
157
`翕匐 膩 鬼`
212
`綰楝蛤 溯檜粽 鬼`
158
`蘋濤 鬼`
164
`翮霤 鬼`
159
`敝僥奩 鬼`
160
`寞霜`
182
`晦獄晦 熨溼 鬼`
161
`噙楝蝶 鬼`
162
`陛萄 鬼`
163
`綰楝萄楝蝶 鬼`
165
`溯檜癒 葬 鬼`
166
`旎 骨褡 葆蝶攪葬`
196
`寥蝶變`
169
`警蝸 寥蝶變`
170
`警蝸 嬴檜蠱 癱繫`
171
`晦獄晦 熨溼`
174
`葆徹睡罹`
191
`紫擒`
175
`堅渠曖 晦橘`
176
`癱繫 葆蝶攪葬`
177
`嬴檜蠱 羹`
179
`撮奢`
181
`晦啗`
183
``
184
`陛避 骨褡 葆蝶攪葬`
185
`盟褕 醱 鬼`
219
`繭 骨褡葆蝶攪葬`
187
`葆徹 觼葬鏽 `
188
`葆徹 寥 橫鷗`
189
`襬 蝶鼴註`
190
`羹 鼻薄 翮晦`
194
`儅貲溘 熨溼`
195
`緒艇 撩濰擊 嬪 褻樹`
201
`翕 薯 鬼`
210
`睡翕貲諾霞 鬼`
214
`橫 蝸楚蓮 鬼`
215
`盟褕 殲 鬼`
220
`盟褕 蝓 鬼`
221
`敝艙撰 鬼`
226
`膩曖 蠔塭 鬼`
227