#PVF_File

`髦濠曖 奢`
58
`嬴檜蠱 羹`
179
`塭檜癒 飄`
1
`緒艇 撩濰擊 嬪 褻樹`
201
`蝸塭檜憮`
2
`凜檣 蝶觼`
43
`醞骨 葆蝶攪葬`
173
`警蝸 羹檣 模`
42
`縛萄`
9
`獄 褒萄`
22
`瓔喻檜纂曖 繭 葆蝶攪葬`
63
`僥嬴觼`
56
`欽匐 葆蝶攪葬`
29
`檜溯檜盪`
8
`縑橫葬橡 薄`
18
`警蝸 檜溯檜螳`
15
`膩霤`
5
`陳棻塋錨`
6
`褒幗蝶葡`
57
`棲屬塭蝶 鬼滄`
51
`羹檣模`
41
`幗鏽 蝶檜歇`
33
`凜檜棚飄`
3
`棻檜綵 擁煎辦`
4
`憎紫辦飄`
7
`警蝸 寥蝶變`
170
`警蝸 塭檜癒飄`
10
`警蝸 凜檜棚飄`
11
`警蝸 棻檜綵擁煎辦`
12
`寞霜`
182
`晦獄晦 熨溼 鬼`
152
`警蝸 膩霤`
13
`警蝸 憎紫辦飄`
14
`實蛤飄`
16
`蝸塭檜憮 鬼`
154
`警蝸 實蛤飄`
17
`粽溯檜韁 楝衛`
19
`警蝸 粽溯檜韁楝衛`
20
`警蝸 塭檜棚 擁煎辦`
46
`髦曖 嫦塭觼腦 鬼滄`
37
`籤蝶煉`
59
`警蝸 醴蝶 蝶橫`
69
`棻觼 模選`
21
`嫦跡 顫問`
26
`警蝸 棻觼 模選`
71
`醴蝶 蝶橫`
23
`熱葬匐`
24
`葬馨檣`
31
`碳掉曖 曖雖`
180
`檣徹 : 僭 慇晦`
25
`渦綰 橫蝶`
27
`晦懍唳`
55
`警蝸 渦綰 橫蝶`
28
`餌檜萄 蝶變`
44
`警蝸 餌檜萄蝶變`
65
`誰匐 葆蝶攪葬`
30
`警蝸 熱葬匐`
66
`模 檣 薯濛`
192
`僭葬 觼葬鏽 `
186
`警蝸 葬馨檣`
32
`模棣 橫撲`
34
`橫菸曖 槳體`
35
`憎紫辦渣憮曖 陛避 葆蝶攪葬`
64
`撿`
36
`縈撚 蝶塭檜觼`
47
`嫦塭觼腦曖 撿蜂`
39
`警蝸 幗鏽 蝶檜歇`
67
`晦蹂`
40
`塭檜棚 擁煎辦`
45
`警蝸 縈撚 蝶塭檜觼`
48
`蜂濠曖 錳`
49
`懍曖 曖衝`
50
`實蛤飄 鬼`
165
`覬綠 鬼滄`
52
`餌霞`
53
`犒謙朝 餌滄`
54
`紫瞳曖 陛避 葆蝶攪葬`
60
`煎斜曖 陛避 葆蝶攪葬`
61
`餌滄獎餌曖 唳骨 葆蝶攪葬`
62
`堅渠曖 晦橘`
176
`警蝸 模棣 橫撲`
68
`警蝸 蜂濠曖 錳`
70
`警蝸 橫菸曖 槳體`
72
`警蝸 撿`
73
`蜂濠曖 餵喃`
74
`橫蝸楠 蝶檜歇`
75
`羹檣模 楝衛`
76
`碟晦懍唳`
77
`熱葬匐 鬼`
140
`醴蝶 蝶橫 鬼`
141
`檜溯檜螳 鬼`
142
`棻檜綵 擁煎辦 鬼`
143
`葬馨檣 鬼`
144
`縛萄 鬼`
145
`縈撚 蝶塭檜觼 鬼`
160
`撿 鬼`
146
`餌霞 鬼`
147
`凜檜棚飄 鬼 `
148
`模棣 橫撲 鬼`
149
`棻觼 模選 鬼`
150
`髦曖 嫦塭觼腦 鬼滄 鬼`
151
`塭檜癒 飄 鬼`
153
`膩霤 鬼`
155
`憎紫辦飄 鬼`
156
`獄 褒萄 鬼`
157
`嫦跡 顫問 鬼`
158
`陳棻塋錨 鬼`
159
`幗鏽 蝶檜歇 鬼`
161
`塭檜棚 擁煎辦 鬼`
162
`羹檣模 鬼`
163
`渦綰 橫蝶 鬼`
164
`旎 骨褡 葆蝶攪葬`
196
`寥蝶變`
169
`警蝸 嬴檜蠱 癱繫`
171
`唳骨 葆蝶攪葬`
172
`晦獄晦 熨溼`
174
`葆徹睡罹`
191
`紫擒`
175
`癱繫 葆蝶攪葬`
177
`僭葬 寥 橫鷗`
178
`撮奢`
181
`晦啗`
183
``
184
`陛避 骨褡 葆蝶攪葬`
185
`繭 骨褡葆蝶攪葬`
187
`葆徹 觼葬鏽 `
188
`葆徹 寥 橫鷗`
189
`襬 蝶鼴註`
190
`翱旎獎`
193
`羹 鼻薄 翮晦`
194
`儅貲溘 熨溼`
195
`鐘幗瞪`
197
`望萄 : 偃檣 棟溘 鼻`
200
`棲屬塭蝶 鬼滄 鬼`
210
`橫菸曖 槳體 鬼`
211
`蜂濠曖 錳 鬼`
212
`嫦塭觼腦曖 撿蜂 鬼`
213
`晦懍唳 鬼`
214
`晦蹂 鬼`
215
`覬綠 鬼滄 鬼`
216
`檣徹 : 僭 慇晦 鬼`
217
`樓撩 奢問 熨溼`
218
`樓撩 盪 欽溼`
219