#PVF_File

`縑膘 觼`
16
`裊瑟欽奢霤 鬼`
152
`菩晦 葆蝶攪葬`
15
`陛萄`
1
`堅橫 觼煎蝶`
64
`橫 蝸楚蓮`
46
`嫦紫`
9
`蘋濤`
25
`翮霤`
58
`敝僥奩`
2
`敝霤 萄塭檜粽`
6
`渠匐 葆蝶攪葬`
14
`緒艇 撩濰擊 嬪 褻樹`
201
`敝霤`
5
`螃饜 陛萄`
3
`警蝸 敝霤`
28
`惜匐 葆蝶攪葬`
4
`敝艙撰`
60
`褊濠`
19
`欽奢霤`
8
`羈蝶驛 鬼`
225
`警蝸 欽奢霤`
26
`鼠晦曖 斛曖`
27
`檜賊 菴餵晦`
7
`警蝸 翕匐 `
10
`斛 敝匐獎, 衝`
86
`噙楝蝶`
11
`跦煬 換曖 粽溯詮`
41
`晦諾撩`
63
`翕陝檣`
47
`警蝸 綰楝萄楝蝶`
54
`模匐 葆蝶攪葬`
12
`敝艙撰 鬼`
226
`紫 葆蝶攪葬`
13
`輿`
40
`奢醞 翱樓 漆晦`
17
`嬴醒溯檜雖 粽溯檜觼`
81
`綵曖`
18
`傢晦曖 餌撿`
36
`翕匐 雖翮`
20
`瞰薯脹 奢問`
39
`殖曖 醴`
30
`翕匐 綵檣`
21
`羈蝶驛`
44
`綰楝萄楝蝶`
31
`綰楝蛤 溯檜粽`
79
`翕匐 膩`
22
`陞隸`
23
`翕 薯`
32
`溯檜癒 葬`
24
`髦晦馬雖`
55
`鼠誰 鬼`
213
`綰楝萄 模萄`
103
`橫菸曖 耀`
29
`褐樓 鼠晦 掖羹`
37
`濤艙曖 馨檜陛`
84
`惜匐 餌辨 陛棟`
33
`棻檜萄`
34
`餌蝸 薯`
35
`警蝸 翮霤`
59
`霞奢霤 鬼`
211
`螃幗萄塭檜粽`
38
`盟褕 醱`
107
`敝衝`
42
`棻檜萄 鬼`
148
`熱塭 霞奢霤`
51
`蟾鼻綠`
43
`幗憮醴曖 醞骨 葆蝶攪葬`
56
`唳骨 葆蝶攪葬`
172
`警蝸 陛萄`
45
`警蝸 橫 蝸楚蓮`
48
`艙匐鼠 鬼`
217
`寥蝶變 醴攪`
49
`霞奢霤`
50
`髦曖曖 翕`
52
`薑褐檜 廓翻!`
53
`濛翮 翕霞`
57
`望萄 : 偃檣 棟溘 鼻`
200
`嬴熱塭曖 旎 骨褡 葆蝶攪葬`
61
`鼠誰`
62
`種骯問`
65
`警蝸 種骯問`
66
`葬 敝匐獎`
67
`離雖 觼楚衛`
68
`警蝸 離雖 觼楚衛`
69
`警蝸 溯檜癒 葬`
70
`警蝸 敝僥奩`
71
`裊瑟欽奢霤`
72
`艙匐鼠`
73
`睡翕貲諾霞`
74
`碳掉曖 曖雖`
180
`羲煽曖 塭餌`
75
`溶雖`
76
`殖維 漆晦`
77
`警蝸 堅橫觼煎蝶`
78
`虜錯 殖維 漆晦`
80
`膩曖 蠔塭`
82
`警蝸 殖維漆晦`
83
`螃饜 陛萄 鬼`
145
`櫛蝶葡 螃幗鑒`
85
`摹曖 蹺橘`
90
`薯 7曖 敝褐 : 惜曖 綰塭蓬`
87
`綰楝萄 模萄 鬼`
168
`翕曖 換`
88
`艦曖 奢`
89
`僭葬 寥 橫鷗`
178
`斛 敝匐獎, 霤繹衝`
91
`褕寰`
92
`模選粽葭橫曖 繭 骨褡 葆蝶攪葬`
93
`錚葆蝶攪曖 唳骨 葆蝶攪葬`
94
`羈蝶驛 塭檜操旋`
95
`唸薑曖 餌撿`
96
`離雖 觼楚衛 鬼`
218
`斛蟾嫦紫`
97
`離雖 幗蝶`
98
`斛翕匐 膩`
99
`斛翕匐 綵檣`
100
`幗蝶 葬`
101
`晦啗`
183
`綰楝萄瑞檣`
102
`欽奢霤 鬼`
143
`警蝸 綰楝萄 模萄`
104
`盟褕`
105
`警蝸 盟褕`
106
`盟褕 殲`
108
`盟褕 蝓`
109
`盟褕 鬼`
110
`敝匐`
111
`鳴問匐`
112
`警蝸 敝匐`
113
`警蝸 鳴問匐`
114
`敝匐 鬼`
115
`鳴問匐 鬼`
116
`褊濠 鬼`
139
`翕匐 雖翮 鬼`
140
`堅橫 觼煎蝶 鬼`
141
`敝霤 鬼`
142
`檜賊 菴餵晦 鬼`
144
`跦煬 換曖 粽溯詮 鬼`
146
`傢晦曖 餌撿 鬼`
224
`嬴醒溯檜雖 粽溯檜觼 鬼`
167
`綵曖 鬼`
147
`輿 鬼`
149
`髦曖曖 翕 鬼`
150
`翕陝檣 鬼`
151
`縑膘 觼 鬼`
153
`嫦紫 鬼`
154
`殖維 漆晦 鬼`
155
`羲煽曖 塭餌 鬼`
156
`種骯問 鬼`
157
`翕匐 膩 鬼`
212
`綰楝蛤 溯檜粽 鬼`
158
`蘋濤 鬼`
164
`翮霤 鬼`
159
`敝僥奩 鬼`
160
`寞霜`
182
`晦獄晦 熨溼 鬼`
161
`噙楝蝶 鬼`
162
`陛萄 鬼`
163
`綰楝萄楝蝶 鬼`
165
`溯檜癒 葬 鬼`
166
`旎 骨褡 葆蝶攪葬`
196
`寥蝶變`
169
`警蝸 寥蝶變`
170
`警蝸 嬴檜蠱 癱繫`
171
`醞骨 葆蝶攪葬`
173
`晦獄晦 熨溼`
174
`葆徹睡罹`
191
`紫擒`
175
`堅渠曖 晦橘`
176
`癱繫 葆蝶攪葬`
177
`嬴檜蠱 羹`
179
`撮奢`
181
``
184
`陛避 骨褡 葆蝶攪葬`
185
`模 檣 薯濛`
192
`僭葬 觼葬鏽 `
186
`盟褕 醱 鬼`
219
`繭 骨褡葆蝶攪葬`
187
`葆徹 觼葬鏽 `
188
`葆徹 寥 橫鷗`
189
`襬 蝶鼴註`
190
`翱旎獎`
193
`羹 鼻薄 翮晦`
194
`儅貲溘 熨溼`
195
`鐘幗瞪`
197
`翕 薯 鬼`
210
`睡翕貲諾霞 鬼`
214
`橫 蝸楚蓮 鬼`
215
`盟褕 殲 鬼`
220
`盟褕 蝓 鬼`
221
`膩曖 蠔塭 鬼`
227