#PVF_File

`蝶塭檜韁`
7
`警蝸 奢霤顫`
6
`奢霤顫`
1
`渦韁 蝶溯檜`
56
`撩碳`
38
`警蝸 楣酈 蝶溯檜`
62
`渦韁 渠衛`
2
`掏晦寞轎`
29
`楚衛 旋煎粽`
28
`葬馨檣 煤`
4
`薑曖曖 褕 鬼`
215
`蝸煎辦 `
51
`蝶錚檜`
3
`渠瞪問`
5
`渦綰 憎紫辦`
36
`警蝸 蝶衙敷`
9
`警蝸 堅盪蝶 闡綠啻檜暮`
32
`蝶衙敷`
8
`堅鱔曖 翮`
10
`模 檣 薯濛`
192
`僭葬 觼葬鏽 `
186
`聽橫`
52
` 孺萄`
26
`釩瑰蹺`
11
`渦韁 夥蛤綰煎 鬼`
153
`盪 棺曖 滌`
41
`碳掉曖 曖雖`
180
`堅盪蝶 闡綠啻檜暮`
31
`警蝸 釩瑰蹺`
12
`尷 萄塭檜幗`
13
`雖曖 蹴犒`
53
`萄 纂 葆蝶攪葬`
18
`惜貲曖 穩觼塭`
48
`輿濛睡 鬼`
220
`艙曖 儅`
25
`纔觼棲鏽 葆蝶攪葬`
14
`褐喃曖 螃塭`
86
`餌檜萄諦檣萄`
77
`寡 螃塭 葆蝶攪葬`
15
`釩煆睡`
40
`闡察 葆蝶攪葬`
16
`警蝸 碟喻曖 遺麵鍋`
65
`闡綠啻檜暮 葆蝶攪葬`
17
`繭鼻曖 詬煎蛤`
19
`爾曖 癒`
20
`撮鐘萄 橫`
63
`葬 蘋遴攪`
30
`儅貲曖 錳繭`
21
`維曖 犒熱`
23
`褐撩 維`
22
`觼煎蝶 觼楚蓮 鬼`
167
`雖煆霞 鬼`
163
`繭鼻曖 賅棲`
24
`蟾 該`
33
`蛤滓 錯`
27
`觼瑞撮檜渦曖 旎 骨褡 葆蝶攪葬`
34
`憎紫辦 夢憮`
35
`褕曖 螃葬`
37
`警蝸 蝶錚檜`
60
`警蝸 葬馨檣 煤`
46
`翮薑曖 穩觼塭`
47
`薯憶睡`
39
`蝸煎辦  鬼`
140
`襬 葬`
42
`牖寥曖 蠔陳`
43
`警蝸 牖寥曖 蠔陳`
44
`學跦`
122
`艙惜曖 蹴犒`
45
`陪問`
49
`剪摹`
50
`褐曖 擎識`
54
`蝶 `
55
`渦韁 橫`
58
`渦韁 夥蛤綰煎`
57
`鼠誰問 鬼`
223
`楣酈 蝶溯檜`
61
`警蝸 渦韁 渠衛`
59
`橫菸 陛腦晦`
100
`碟喻曖 遺麵鍋`
64
`濡瑟`
66
`黴葆曖 晦遴`
67
`黴葆餌曖 繭 骨褡 葆蝶攪葬`
68
`雖曖 衝褐 - 鼠`
69
`奢曖 衝褐 - 寥`
70
`警蝸 陪問`
71
`警蝸 盪 棺曖 滌`
72
`蝓葬曖 璽`
73
`霤曖 蜂纂`
74
`綻葬 闡綠啻檜暮`
75
`蛤夥檣 觼楝衛`
76
`警蝸 嬴檜蠱 癱繫`
171
`該褐勒 燬`
78
`黴葆餌曖 醞骨 葆蝶攪葬`
96
`警蝸 餌檜萄諦檣萄`
79
`蝓繭霞`
99
`警蝸 該褐勒 燬`
80
`陛避 骨褡 葆蝶攪葬`
185
`薑曖曖 褕`
81
`橫菸 陛腦晦 鬼`
217
`碟喻曖 遺麵鍋 鬼`
143
`剪煽 葆蝶攪葬`
82
`寡擋蝶 葆蝶攪葬`
83
`嬴蠔董蝶`
84
`聽橫 鬼`
151
`韓顫`
85
`萄塭檜嬴醒`
87
`鼠誰問`
88
`癱晦 嫦骯`
89
`緊屢 纂`
90
`檣檜攪曖 唳骨 葆蝶攪葬`
91
`黴葆餌曖 旎 骨褡 葆蝶攪葬`
92
`璽瑟問`
93
`警蝸 撩碳`
94
`警蝸 韓顫`
95
`辨晦曖 擎識`
97
`警蝸 堅樓漆晦`
128
`熱曖 擎識`
98
`衝褐曖 捱`
101
`警蝸 蝓繭霞`
102
`僭葬 寥 橫鷗`
178
`贗塭檜裟蝶 燬`
103
`雖曖 衝褐 - 霞鼠`
110
`夥檜螢楛 闡綠啻檜暮`
104
`霤問`
105
`輿濛睡`
106
`雖煆霞`
118
`觼煎蝶 觼楚蓮`
107
`楚衛 蝶觼椰`
108
`溯敷 錯`
109
`欽類雖問`
111
`警蝸 欽類雖問`
112
`蝶醴攪`
113
`橫菸曖 掏棟`
125
`陷 葆蝶攪葬`
114
`堅樓檜翕`
115
`爾曖 陛衛`
116
`葬`
117
`學葆`
119
`籀`
120
`羶`
121
`晦啗`
183
`等網 蝶塭檜醴`
123
`撮奢`
181
`堅樓漆晦`
124
`橫漸盪曖 醞骨 葆蝶攪葬`
126
`警蝸 堅樓檜翕`
127
`警蝸 雖煆霞`
129
`警蝸 爾曖 陛衛`
130
`蹺塊朝 艙`
131
`警蝸 蝶醴攪`
132
`犒葆瞪`
133
`營懈`
134
`楣酈 蝶溯檜 鬼`
141
`釩瑰蹺 鬼`
142
`蝓葬曖 璽 鬼`
144
`維曖 犒熱 鬼`
145
`奢霤顫 鬼`
210
`警蝸 寥蝶變`
170
`渦韁 蝶溯檜 鬼`
146
`尷 萄塭檜幗 鬼`
147
`薯憶睡 鬼`
148
`剪摹 鬼`
149
`堅盪蝶 闡綠啻檜暮 鬼`
150
`翱旎獎`
193
`霤曖 蜂纂 鬼`
152
`褕曖 螃葬 鬼`
154
`蝓繭霞 鬼`
155
`渠瞪問 鬼`
156
`韓顫 鬼`
157
`奢曖 衝褐 - 寥 鬼`
158
`寞霜`
182
`晦獄晦 熨溼 鬼`
159
`撩碳 鬼`
160
`堅樓漆晦 鬼`
161
`等網 蝶塭檜醴 鬼`
162
`堅樓檜翕 鬼`
164
`葬 鬼`
165
`楚衛 旋煎粽 鬼`
166
`餌檜萄諦檣萄 鬼`
168
`旎 骨褡 葆蝶攪葬`
196
`寥蝶變`
169
`唳骨 葆蝶攪葬`
172
`醞骨 葆蝶攪葬`
173
`晦獄晦 熨溼`
174
`葆徹睡罹`
191
`紫擒`
175
`堅渠曖 晦橘`
176
`癱繫 葆蝶攪葬`
177
`嬴檜蠱 羹`
179
``
184
`繭 骨褡葆蝶攪葬`
187
`葆徹 觼葬鏽 `
188
`葆徹 寥 橫鷗`
189
`襬 蝶鼴註`
190
`羹 鼻薄 翮晦`
194
`儅貲溘 熨溼`
195
`鐘幗瞪`
197
`望萄 : 偃檣 棟溘 鼻`
200
`緒艇 撩濰擊 嬪 褻樹`
201
`蝶衙敷 鬼`
211
`撮鐘萄 橫 鬼`
212
`牖寥曖 蠔陳 鬼`
213
`蛤滓 錯 鬼`
214
`欽類雖問 鬼`
216
`衝褐曖 捱 鬼`
218
`盪 棺曖 滌 鬼`
219
`陪問 鬼`
221
`蛤夥檣 觼楝衛 鬼`
224
`渦韁 橫 鬼`
225
`葬 蘋遴攪 鬼`
227
`蟾 該 鬼`
228
`該褐勒 燬 鬼`
229
`綻葬 闡綠啻檜暮 鬼`
230
`葬馨檣 煤 鬼`
231
`蝶醴攪 鬼`
232
`爾曖 陛衛 鬼`
233
`橫菸曖 掏棟 鬼`
234
`雖曖 衝褐 - 鼠 鬼`
235
`釩煆睡 鬼`
236