#PVF_File

`撮奢`
181
`啗擒模 : 匐擎晦餌 骯紫腦`
44
`薑滄模 : 嬴蠡葬蝶 鬼`
238
`辨`
1
`羹檜憮 : 貲(晱)`
9
`羹檜憮 : 懍(鬿)`
8
`警蝸 顫檜該 嫘`
128
`錳鼠堆`
65
`懍樓撩 葆蝶攪葬`
63
`警蝸 滲檜 葬瓣`
96
`樓撩 葆蝶攪葬`
61
`堅渠曖 紫憮婦`
41
`澗顫歜`
2
`螃塭 褒萄`
37
`嬪鼻滲`
3
`瑞饜 鬼`
211
`辨嬴`
4
`羹檜憮 : 鼠(渼)`
5
`羹檜憮 : ()`
6
`熱樓撩 葆蝶攪葬`
62
`詭賅塭檜鍔`
19
`瑰 葆蝶攪葬`
36
`羹檜憮 : 熱(漵)`
7
`爾檜萄`
26
`羹檜憮 溯蝶`
10
`衙霜 嘐餌橾`
11
`警蝸 衙霜 嘐餌橾`
32
`繭問`
12
`潑`
13
`旎 骨褡 葆蝶攪葬`
196
`寥蝶變`
169
`啗擒模 : 晦骨 紫腦`
25
`釩濰`
14
`瑞饜`
18
`等蝶 辦渦`
90
`楠欐 檜橫`
15
`警蝸 潑`
72
`啗擒模 : 瑞檜鍔 樹棲!`
46
`賬幗蝶`
31
`擁蝶歇 蝶髓`
74
`煎蝶 萄`
16
`溯歜 蝶塭檜觼`
57
`顫檜該 嫘`
127
`奢醞 楠欐 檜橫`
42
`瑞饜諦 耀啪 雖頂晦`
85
`縣溯詮驍 廓`
29
`檣疆萄 潑`
117
`煎溯 綠綠晦`
17
`釭檜嬴蝶 儅 奢問`
52
`瓣鎰韓`
20
`纔嬴釭 滲褐~!!`
83
`薑滄模 : 嬴紫腦`
21
`薑滄模 : 蝶饜醴`
23
`綿濠瑞 蝶 鬼`
229
`縣溯詮驍葆蝶攪曖 繭 骨褡 葆蝶攪葬`
107
`薑滄模 : 釭檜嬴蝶`
22
`薑滄模 : 嬪蝶`
24
`餵醞曖 螃塭褒萄`
60
`蛤蝶檣疆`
28
`煎孺 幗蝶攪`
27
`羹檜憮 餌轎`
39
`釭蒂 評塭塭`
30
`警蝸 釩濰`
33
`警蝸 繭問`
34
`璽 葆蝶攪葬`
35
`檜翕 議蝶`
38
`螃饜 羹檜憮`
40
`嬪蝶 儅 奢問`
54
`紫嫦 檣 : 蓬腦腦`
43
`啗擒模 : 葆啗 嬴辦瓔模`
45
`薑滄模 : 薑滄諾 縑羹漆葬嬴`
47
`貲樓撩 葆蝶攪葬`
64
`熱 鬼 螃塭`
48
`薑滄 儅`
49
`盪喫 濩嬴塭!`
50
`艦葭 蝶`
56
`嬴紫腦 儅 奢問`
51
`蝶饜醴 儅 奢問`
53
`薑滄模 : 等萄 詩醴 鬼`
236
`賬渦 屬葭`
55
`釭檜 煎辦`
58
`嬴觼 蝶`
59
`堝翱問`
66
`瞪 羹檜憮 鬼`
223
`寡詭檜雖曖 陛避 骨褡 葆蝶攪葬`
67
`鬼蝗嶸撩顫`
68
`瑟繭奢`
69
`緒艇 撩濰擊 嬪 褻樹`
201
`警蝸 錳鼠堆`
70
`警蝸 辨嬴`
71
`唳骨 葆蝶攪葬`
172
`錳模 餵醞`
73
`蝶葩 獄萄`
75
`薑滄模 : 等萄 詩醴`
76
`薑滄模 : 旋溯橫萼`
77
`薑滄模 : 嬴蠡葬蝶`
78
`薑滄模 : 溯歜 觼`
79
`啗擒模 : 葬`
80
`熱 輿`
81
`啗擒模 : 薑犒濠 蘋衛撿蝶`
82
`寡 斜瑞粽`
84
`煎溯鼻婁 耀啪 雖頂晦`
86
`燮煎蝶諦 耀啪 雖頂晦`
87
`燮螃楠欐婁 耀啪 雖頂晦`
88
`艦葭 辦渦`
89
`綿濠瑞 棻瑞晦`
91
`綰楷 蜂饜`
92
`偃褻 蓬腦腦`
93
`警蝸 綰楷 蜂饜`
94
`滲檜 葬瓣`
95
`蝶嬪 警蛤夥`
97
`警蝸 渦綰 蝶嶽`
126
`綿濠瑞 蝶`
98
`擁衛萄 贗塭辦萄`
99
`模 薯`
129
`堅轎溘 衙霜 嘐餌橾`
100
`啗擒 模 : 葬 鬼`
240
`辨懍 雖渠 儅撩 僭擒`
101
`葆紫濠曖 陛避 骨褡 葆蝶攪葬`
102
`奩醞溘 晦翕濰纂`
103
`詭陛 萄萵`
104
`煎溯 鏽塭檜渦`
105
`撩陪 碳望 陛翮煎`
106
`嬴觼 蝶 鬼`
158
`模餌曖 繭 骨褡 葆蝶攪葬`
108
`瞪 觼楚`
109
`撩奢 蕨馬`
110
`嬴檜蠱 羹`
179
`凜檜棚 艦葭 蝶`
111
`霞 堝翱問`
112
`模 檣 薯濛`
192
`僭葬 觼葬鏽 `
186
`溯歜 爾檜萄 獐馨檜喻`
113
`綿濠瑞 夥遴萄 蝶`
114
`渠諾 葬瓣`
115
`堅渠曖 紫憮婦 鬼`
143
`熱 薑`
116
`啗擒模 :  碟喻 匐擎晦餌 骯紫腦 `
118
`醞晝 薑滄 : 塭葬嬴`
119
`醞晝 薑滄 : 僵葬蝶`
120
`醞晝 薑滄 : 樁檜萄`
121
`襬 蝶鼴註`
190
`醞晝 薑滄 : 憲葬衛嬴`
122
`瞪 羹檜憮`
123
`警蝸 瞪 羹檜憮`
124
`渦綰 蝶嶽`
125
`辨懍 雖渠 儅撩 僭擒 鬼`
232
`巍爾 獄棟`
130
`澗顫歜 鬼`
145
`螃塭 褒萄 鬼`
140
`煎溯 綠綠晦 鬼`
141
`瓣鎰韓 鬼`
142
`煎蝶 萄 鬼`
144
`釩濰 鬼`
146
`嬪鼻滲 鬼`
147
`蝶嬪 警蛤夥 鬼`
148
`堅轎溘 衙霜 嘐餌橾 鬼`
149
`盪喫 濩嬴塭! 鬼`
150
`晝薑滄 鬼`
151
`煎孺 幗蝶攪 鬼`
152
`螃饜 羹檜憮 鬼`
153
`羹檜憮 鬼`
156
`爾檜萄 鬼`
154
`錳鼠堆 鬼`
155
`縣溯詮驍 廓 鬼`
157
`啗擒模 : 晦骨 紫腦 鬼`
159
`啗擒模 : 瑞檜鍔 樹棲! 鬼`
160
`薑滄模 : 薑滄諾 縑羹漆葬嬴 鬼`
161
`鬼蝗嶸撩顫 鬼`
162
`紫嫦 檣 : 蓬腦腦 鬼`
163
`奩醞溘 晦翕濰纂 鬼`
164
`寞霜`
182
`晦獄晦 熨溼 鬼`
165
`啗擒模 : 葆啗 嬴辦瓔模 鬼`
166
`警蝸 寥蝶變`
170
`警蝸 嬴檜蠱 癱繫`
171
`醞骨 葆蝶攪葬`
173
`晦獄晦 熨溼`
174
`葆徹睡罹`
191
`紫擒`
175
`堅渠曖 晦橘`
176
`癱繫 葆蝶攪葬`
177
`僭葬 寥 橫鷗`
178
`碳掉曖 曖雖`
180
`晦啗`
183
``
184
`陛避 骨褡 葆蝶攪葬`
185
`繭 骨褡葆蝶攪葬`
187
`葆徹 觼葬鏽 `
188
`葆徹 寥 橫鷗`
189
`翱旎獎`
193
`羹 鼻薄 翮晦`
194
`儅貲溘 熨溼`
195
`鐘幗瞪`
197
`堝翱問 鬼`
224
`望萄 : 偃檣 棟溘 鼻`
200
`繭問 鬼`
210
`辨嬴 鬼`
212
`衙霜 嘐餌橾 鬼`
213
`溯歜 蝶塭檜觼 鬼`
214
`賬幗蝶 鬼`
215
`艦葭 蝶 鬼`
216
`賬渦 屬葭 鬼`
217
`釭檜 煎辦 鬼`
218
`羹檜憮 餌轎 鬼`
219
`羹檜憮 溯蝶 鬼`
221
`渦綰 蝶嶽 鬼`
222
`潑 鬼`
225
`瑟繭奢 鬼`
226
`顫檜該 嫘 鬼`
227
`綰楷 蜂饜 鬼`
228
`擁衛萄 贗塭辦萄 鬼`
230
`滲檜 葬瓣 鬼`
231
`詭陛 萄萵 鬼`
233
`煎溯 鏽塭檜渦 鬼`
234
`撩陪 碳望 陛翮煎 鬼`
235
`薑滄模 : 旋溯橫萼 鬼`
237
`薑滄模 : 溯歜 觼 鬼`
239
`啗擒模 : 匐擎晦餌 骯紫腦 鬼`
241