#PVF_File

`潯渦 鷓贗`
54
`漆喫 葆檣`
76
`蓬嬴該`
20
`掏癱旋楝粽 餌辨 陛棟`
34
`蝶檜橫`
18
`種掏 鬼`
212
`橾嫦擒撩`
3
`奩萄衛 濩朝棻!`
50
`警蝸 攪 蝶騷攪`
25
`觼塭辦纂`
2
`婦擊 腦朝 裊絮`
65
`贗煎 葆蝶攪葬`
45
`警蝸 錳檣纂 纂`
26
`繹骯堅`
1
`喧驕`
12
`斜楚楝曖 唳骨 葆蝶攪葬`
57
`喧戲煎 替酗棻`
35
`碟褐`
8
`潑掏`
102
`喧 陛萄`
42
`晦啗`
183
`鼠鍔 橫`
5
`獄 觼楝敷`
4
`警蝸 煎葭`
53
`該 鑄`
46
`煎鑄`
6
`繹旎鬼`
7
`熱滓蝶`
9
`寥粽溯檜醴`
10
`警蝸 斜塭遴萄 鑄`
107
`綰煙 幗蝶攪`
60
`熱滓蝶 諄檜贗煩`
89
`熱滓蝶 賬渦`
11
`檜醞 癱繫`
43
`縑橫蓬顫檜傘`
62
`警蝸 蝶檜橫`
28
`攪 蝶騷攪`
13
`蝸塭檜註 斜椰`
51
`葆遴`
14
`警蝸 橾嫦擒撩`
48
`晦奢濰`
16
`餌濠`
15
`鷓曄曖 醴`
36
`奢醞 嫖晦`
17
`錳檣纂 纂`
19
`惜醱喻紫`
90
`警蝸 鼠鍔橫`
23
`警蝸 喧驕`
21
`釭摹曖 喧 鬼`
145
`鬼溺 纔檜觼 棻遴`
22
`煎葭`
49
`警蝸 該 鑄`
47
`警蝸 煎鑄`
24
`警蝸 熱滓蝶`
27
`輿殮葆`
33
`維曖 耀`
29
`蘋檜`
30
`萇 蝶`
75
`撩 獗唸`
31
`攪 蝶騷攪 鬼`
157
`絮縑 櫛熨`
32
`絮鼠`
64
`漆喫 葆檣 鬼`
218
`鬼掏`
37
`絮 夥腦晦`
38
`儅貲溘 熨溼`
195
`晝模 雖薑`
39
`紫嫦`
44
`喧碟`
41
`寞霜`
182
`晦獄晦 熨溼 鬼`
162
`釭摹曖 喧`
40
`繭塭雖蜂`
52
`斜椰 議凱`
55
`蝶塭檜醴曖 唳骨 葆蝶攪葬`
56
`塭檜棚 渣蝶 鬼`
156
`韓陝`
58
`警蝸 韓陝`
59
`警蝸 綰煙 幗蝶攪`
61
`晦除 顫檜`
63
`韓陝 鬼`
222
`褡梓 濩晦`
66
`喧`
67
`塭檜棚 渣蝶`
68
`艙潑`
69
`旎鬼潑 鬼`
159
`蝶齪萄`
70
`餌鼻譆鬼曖 煎鑄`
71
`陳葬朝 繭膩`
72
`蝶葬檜攪曖 醞骨 葆蝶攪葬`
73
`裊絮 橾嫦擒撩`
99
`觼溯檜雖 嫦蘊`
74
`薑觼 蝶`
77
``
184
`蹴膩`
78
`堝貲 : 餌釭遴 維曖 喧熱`
79
`潯渦 鷓贗 鬼`
152
`種掏`
80
`喀 蝶鹿`
81
`警蝸 喀 蝶鹿`
95
`綠 萄塭檜粽`
82
`塭檜癒 傘贗`
83
`褐翱問`
84
``
85
`蝶檜橫 鬼`
151
`旎鬼潑`
86
`粽溯檜韁 縣爾`
87
`諦橾萄 議凱 蝶檜觼`
88
`唳骨 葆蝶攪葬`
172
`該蝸 衛`
91
`警蝸 旎鬼潑`
92
`警蝸 種掏`
93
`警蝸 繹骯堅`
94
`警蝸 萇 蝶`
96
`喧葆蝶攪曖 繭 骨褡 葆蝶攪葬`
97
`掙斛曖 喧 陛萄`
98
`鷓餌濠`
100
`縑橫贗楝纂`
101
`塭檜癒 橫`
103
`綰煙 瑤`
104
`諄檜贗煩 橫鷗`
105
`斜塭遴萄 鑄`
106
`塭檜癒 傘贗 鬼`
139
`喧驕 鬼`
140
`煎鑄 鬼`
141
`熱滓蝶 鬼`
142
`觼塭辦纂 鬼`
143
`晦奢濰 鬼`
144
`繹骯堅 鬼`
146
`錳檣纂 纂 鬼`
147
`觼溯檜雖 嫦蘊 鬼`
148
`繭塭雖蜂 鬼`
149
`縑橫蓬顫檜傘 鬼`
150
`繹旎鬼 鬼`
153
`堝貲 : 餌釭遴 維曖 喧熱 鬼`
154
`褐翱問 鬼`
155
`薑觼 蝶 鬼`
158
`熱滓蝶 賬渦 鬼`
161
`熱滓蝶 諄檜贗煩 鬼`
160
`鼠鍔 橫 鬼`
163
`該 鑄 鬼`
164
`碟褐 鬼`
165
`奢醞 嫖晦 鬼`
166
`喧陛萄 鬼`
167
`艙潑 鬼`
168
`旎 骨褡 葆蝶攪葬`
196
`寥蝶變`
169
`警蝸 寥蝶變`
170
`警蝸 嬴檜蠱 癱繫`
171
`醞骨 葆蝶攪葬`
173
`晦獄晦 熨溼`
174
`葆徹睡罹`
191
`紫擒`
175
`堅渠曖 晦橘`
176
`癱繫 葆蝶攪葬`
177
`僭葬 寥 橫鷗`
178
`嬴檜蠱 羹`
179
`碳掉曖 曖雖`
180
`撮奢`
181
`陛避 骨褡 葆蝶攪葬`
185
`模 檣 薯濛`
192
`僭葬 觼葬鏽 `
186
`繭 骨褡葆蝶攪葬`
187
`葆徹 觼葬鏽 `
188
`葆徹 寥 橫鷗`
189
`襬 蝶鼴註`
190
`翱旎獎`
193
`羹 鼻薄 翮晦`
194
`鐘幗瞪`
197
`望萄 : 偃檣 棟溘 鼻`
200
`緒艇 撩濰擊 嬪 褻樹`
201
`餌濠 鬼`
210
`惜醱喻紫 鬼`
211
`獄 觼楝敷 鬼`
214
`綠 萄塭檜粽 鬼`
215
`橾嫦擒撩 鬼`
216
`萇 蝶 鬼`
217
`斜塭遴萄 鑄 鬼`
219
`煎葭 鬼`
220
`喀 蝶鹿 鬼`
221
`粽溯檜韁 縣爾 鬼 `
223
`諦橾萄 議凱 蝶檜觼 鬼`
224