#PVF_File

1
`stackableshop1.shp`
2
`equipmentshop1.shp`
3
`equipmentshop2.shp`
4
`equipmentshop3.shp`
5
`stackableshop2.shp`
6
`magic1.shp`
7
`rare1.shp`
8
`recipe1.shp`
9
`regacy1.shp`
10
`equipmentshop4.shp`
11
`equipmentshop5.shp`
12
`equipmentshop6.shp`
13
`regacy2.shp`
14
`regacy3.shp`
15
`equipmentshop7.shp`
16
`magic2.shp`
17
`equipmentshop8.shp`
18
`equipmentshop9.shp`
19
`equipmentshop10.shp`
20
`itemproduct1.shp`
21
`equipmentshop11.shp`
22
`creatureshop.shp`
23
`regacy4.shp`
24
`equipmentshop12.shp`
25
`equipmentshop13.shp`
26
`equipmentshop14.shp`
27
`regacy5.shp`
28
`equipmentshop15.shp`
29
`magic3.shp`
30
`equipmentshop16.shp`
31
`equipmentshop17.shp`
32
`recipe2.shp`
33
`emblem.shp`
34
`equipmentshop18.shp`
35
`recipe3.shp`
36
`magic4.shp`
37
`birken.shp`
38
`equipmentshop19.shp`
39
`equipmentshop20.shp`
40
`equipmentshop21.shp`
43
`equipmentshop24.shp`
44
`regacy6.shp`
45
`equipmentshop25.shp`
47
`equipmentshop26.shp`
48
`equipmentshop27.shp`
49
`oneadayitemshop.shp`
50
`simona.shp`
51
`birken2.shp`
52
`event_dnf6thcake.shp`
54
`aska.shp`
55
`jun.shp`
56
`event_christmasshop.shp`
57
`bluemarbleshop.shp`
58
`siran.shp`
60
`nessman.shp`
62
`wayne.shp`
63
`iris2.shp`
64
`abelro.shp`
65
`gant_pan.shp`
66
`gant_def.shp`
67
`dnfrider.shp`
1000
`equipmentshop_dungeon1.shp`
1001
`equipmentshop_deathtower.shp`
1002
`equipmentshop_dungeon2.shp`
1003
`equipmentshop_dungeon3.shp`
1004
`equipmentshop_dungeon4.shp`
53
`stackableshp28.shp`
75
`nea.shp`
71
`siran2.shp`
123
`event_npc_sao_asuna.shp`