#PVF_File

[player number]
	2	8

[pvp start area]
	0	0	0	0	0	0	0	0	0	0	0	0

[dungeon]
	3600
[/dungeon]

[type]
	`[normal]`

[greed]
	`BB BB`

[tile]
	`tile/base_left_G_tile.til`
	`tile/base_normal_tile1.til`
	`tile/base_left_near_tile.til`
	`tile/base_normal_tile2.til`
	`tile/base_left_near_tile.til`
	`tile/base_normal_tile1.til`
	`tile/base_right_G_tile.til`
[/tile]

[background animation]
	[ani info]
		[filename]
			`animation/far.ani`
		[layer]
			`[distantback]`
		[order]
			`[below]`
	[/ani info]
[/background animation]

[pathgate pos]
	512	1147	604	1149	540	1147	562	1153

[dungeon start area]
	811	102	147	257

[sound]
	`M_DESPAIR_TOWER_UNDER`
[/sound]

[animation]
	`animation/sao_basic_torch.ani`
	`[normal]`	309	-214	0
	`animation/sao_basic_torch.ani`
	`[normal]`	536	-212	0
	`animation/sao_basic_torch.ani`
	`[normal]`	759	-211	0
	`animation/sao_basic_torch.ani`
	`[normal]`	983	-214	0
	`animation/sao_basic_torch.ani`
	`[normal]`	1208	-213	0
	`animation/sao_basicmid_leftdoor.ani`
	`[normal]`	51	-42	0
	`animation/sao_basicmid_leftdoor_fire.ani`
	`[normal]`	52	-42	0
	`animation/sao_basicmid_rightdoor.ani`
	`[normal]`	1330	-30	0
	`animation/sao_basicmid_rightdoor_fire.ani`
	`[normal]`	1329	-30	0
[/animation]

[ai character]
	21419	621	230	0
	`[monster]`
	`[boss]`	2	0	21419	621	230	0
	`[monster]`
	`[boss]`	2	0	21419	621	230	0
	`[monster]`
	`[boss]`	2	0	21419	621	230	0
	`[monster]`
	`[boss]`	2	0	21419	621	230	0
	`[monster]`
	`[boss]`	2	0
[/ai character]

[event monster position]
	596	224	0	533	309	0	456	241	0	492	308	0
[/event monster position]

[map name]
	`PVP 無名`
