#PVF_File

[player number]
	2	8

[pvp start area]
	0	0	0	0	0	0	0	0	0	0	0	0

[dungeon]
	3600
[/dungeon]

[type]
	`[normal]`

[greed]
	`BB BB`

[tile]
	`tile/grass_garden_tile.til`
	`tile/grass_garden_tile.til`
	`tile/grass_garden_tile.til`
	`tile/grass_garden_tile.til`
	`tile/grass_garden_tile.til`
	`tile/grass_garden_tile.til`
	`tile/grass_garden_tile.til`
[/tile]

[pathgate pos]
	512	1147	604	1149	540	1147	562	1153

[dungeon start area]
	711	175	74	44

[sound]
	`M_DESPAIR_TOWER_UNDER`
[/sound]

[animation]
	`animation/sao_flower_far1.ani`
	`[distantback]`	0	-199	0
	`animation/sao_flower_mid1.ani`
	`[middleback]`	-1	-173	0
	`animation/sao_flower_far2.ani`
	`[distantback]`	800	-199	0
	`animation/sao_flower_mid2.ani`
	`[middleback]`	789	-172	0
	`animation/sao_flower_tree1.ani`
	`[normal]`	11	-144	0
	`animation/sao_flower_tree2.ani`
	`[close]`	-10	180	0
	`animation/sao_flower_tree3.ani`
	`[normal]`	1057	-265	0
	`animation/sao_flower_tree4.ani`
	`[close]`	625	241	0
	`animation/sao_flower_tree5.ani`
	`[close]`	510	263	0
	`animation/sao_flower_tree6.ani`
	`[close]`	1417	249	0
	`animation/sao_flower_tree2.ani`
	`[normal]`	1418	-62	0
	`animation/sao_flower_tree1.ani`
	`[normal]`	1498	-141	0
[/animation]

[ai character]
	30418	942	237	0
	`[monster]`
	`[boss]`	2	0	30419	942	237	0
	`[monster]`
	`[boss]`	2	0	84995	942	237	0
	`[monster]`
	`[boss]`	2	0	30414	942	237	0
	`[monster]`
	`[boss]`	2	0
[/ai character]

[event monster position]
	596	224	0	665	310	0	456	241	0	492	308	0
[/event monster position]

[map name]
	`PVP 無名`
