#PVF_File

[episode]
	1	5
	[episode_name]
		`開始冒險`
	[epic_index]
		101	102	103	4301	104	105	106	107	108	4302
	[/epic_index]
	[complete_text]
		`    被譽為“精靈圣地”的格蘭之森， 在大火吞陷前是精靈的樂園。 居住在那里的精靈和人類相處和睦， 直到異變來臨……現在， 森林中的動植物受到邪惡侵襲， 變得越來越殘暴。 附近的居民不堪它們的騷擾， 紛紛向冒險家們求助。 冒險家， 請您拿出勇氣去森林中積累戰斗經驗吧。`
[/episode]

[episode]
	3	13
	[episode_name]
		`鬼劍士之路`
	[epic_index]
		1901	501	502	503	504	505	506	507
	[/epic_index]
	[complete_text]
		`    從鬼神侵入我手臂的那刻起， 我的人生就完全改變了。 我不知道自己是人還是鬼， 或者是其他的怪物……唯有弄清楚鬼神帶來的這一切， 我才能找到自己想要的答案， 所以我必須變得比現在更強大。`
[/episode]

[episode]
	3	13
	[episode_name]
		`無盡的戰斗`
	[epic_index]
		1902	511	512	513	514	515	516	517
	[/epic_index]
	[complete_text]
		`    這段時間發生在我身上的悲劇， 都是因為我太過懦弱造成的。 我決定了， 從現在開始， 無論發生什么事， 我都會自己面對， 再也不逃避了。`
[/episode]

[episode]
	3	13
	[episode_name]
		`彈無虛發`
	[epic_index]
		1903	521	522	523	524	525	526	527
	[/epic_index]
	[complete_text]
		`    我是無意中從天界掉落到這里的， 這個地方和天界一樣混亂， 我得趕快找到回去的方法才行。 嗯， 最好是變得更強大， 這樣才不會被欺負。 不過這個地方的機械文明， 難道還處于遠古時期嗎？ 難道我要靠鍛煉身體變強大？`
[/episode]

[episode]
	3	13
	[episode_name]
		`熱血之路`
	[epic_index]
		7640	7641	7642	7643	7644	7645	7646	7647
	[/epic_index]
	[complete_text]
		``
[/episode]

[episode]
	3	13
	[episode_name]
		`神秘的魔法`
	[epic_index]
		1904	531	532	533	534	535	536	537
	[/epic_index]
	[complete_text]
		`    哇……好美麗的地方呀！ 我能清晰的感覺到豐富的自然精氣和強烈的魔法波動。 嗚嗚， 要是我們魔界也有這樣美麗的大自然就好了。 真搞不懂這地方的人， 為什么要破壞這么美麗的大自然呢。 這樣好了， 讓那些破壞自然的人去魔界生活吧， 嘻嘻~~`
[/episode]

[episode]
	3	13
	[episode_name]
		`神圣之路`
	[epic_index]
		1905	541	542	543	544	545	546	547
	[/epic_index]
	[complete_text]
		`    原本以為這世上到處都是偽裝者， 但事實并沒有我想象的糟糕。 嗯， 雖然美麗的森林被毀了， 但還有新鮮清爽的空氣， 讓我感到離神又近了一步。 神啊， 感謝您的賜予！`
[/episode]

[episode]
	3	13
	[episode_name]
		`皇女庭院之花`
	[epic_index]
		1916	619	620	621	622	623	624	625
	[/epic_index]
	[complete_text]
		`    皇女庭院之花， 為保護皇女而存在的組織。 為了救出皇女， 她們不惜犧牲自己。 就如玫瑰一般， 在她們美麗的外表下隱藏著鋒利的尖刺……不久的將來， 她們的美麗和強大將傳遍整個大陸。`
[/episode]

[episode]
	3	13
	[episode_name]
		`黑暗的試煉`
	[epic_index]
		1917	631	632	633	634	635	636	637
	[/epic_index]
	[complete_text]
		``
[/episode]

[episode]
	7	10
	[episode_name]
		`怪獸獵殺者`
	[epic_index]
		109	110	111
	[/epic_index]
	[complete_text]
		`    森林奪走了許多人的生命， 雖然對森林而言， 它只不過是從人類那里奪回屬于自己的東西罷了。 但這樣恐怖的森林，  讓人類感到害怕。 而那些原本和人類友好相處的牛頭怪， 也變得越來越狂暴， 人類陷入前所未有的恐慌里…… 現在， 終于有人擊敗了牛頭怪的首領， 這無疑給人類帶來了新的希望。 對這樣的英雄， 人們怎么會不稱贊呢。`
[/episode]

[episode]
	8	12
	[episode_name]
		`叢林深處的魔法師姐妹`
	[epic_index]
		116	112	113	114	7
	[/epic_index]
	[complete_text]
		`    俗話說好奇心害死貓， 人也會因為好奇而受到懲罰嗎？ 對魔法極度好奇的兩姐妹， 最終以悲劇結束了各自的生命……但造成這個悲劇的根本原因， 其實并不是她們兩姐妹的好奇心， 而是…… 你說什么？ 異變……？ 大火……？ 帝國……？`
[/episode]

[episode]
	10	0
	[episode_name]
		`悄然來臨的愛情`
	[epic_index]
		1012	211	212	213	214	215	216	217	218	219
	[/epic_index]
	[complete_text]
		``
[/episode]

[episode]
	14	0
	[episode_name]
		`異變的來源`
	[epic_index]
		201	202	203	95	96	97
	[/epic_index]
	[complete_text]
		`    幾年前， 還沒有人談論大火和異變。 但現在， 這兩個話題已成為人們談論的焦點。 在這些人中， 有真正了解真相的人嗎？ 估計他們所認為的異變， 只不過是不知道怪物是從哪冒出來的； 或者是大火災因何發生的？ 又或者是怪物變得兇暴、 魔法陣力量在減弱是不是和他們認為的異變有關等罷了…… 那異變到底是怎么發生的呢？ 或者是為什么會發生？ 人們真正關心的， 是異變， 還是想把所有的事情都歸根于異變呢？`
[/episode]

[episode]
	16	18
	[episode_name]
		`天空之城的傳說`
	[epic_index]
		8	117	4601	119	120
	[/epic_index]
	[complete_text]
		`    傳說中的天空之城出現了！ 千年前， 天空之城是阿拉德大陸通往天空上的世界 - 天界的必經之路。 歷經千年歲月的更替， 所有曾經存在的事實都在流逝的歲月中演變成了人們心中不在相信的傳說。 而天空之城， 這個埋葬了英雄夢想的輝煌之地， 也在歲月中消失了千年， 成了神秘的傳說。 但， 它現在卻真真實實的出現了！ 而且據說， 還有一位天界的女神槍手就是從這里落入阿拉德大陸的！ 通過天空之城就能進入天界， 真的那么容易嗎?`
[/episode]

[episode]
	16	25
	[episode_name]
		`鬼手泛濫的原因`
	[epic_index]
		4305	4306	4307	4308	4309	4310	4311	4312	4313
	[/epic_index]
	[complete_text]
		`    事實上， 千百年前就出現鬼手現象了， 歷史上還有很多關于擁有鬼手的英雄的記載。 不過這十幾年， 鬼手現象以恐怖的速度擴散了， 越來越多的人被感染。 可以說， 在赫頓瑪爾大街上一站， 隨時都可以遇到擁有鬼手的人。 記得十幾年前， 大陸上曾出現過許多奇怪的現象， 難道鬼手是因為那些奇怪的現象才變得恐怖的？ 艾麗絲說， 所有的秘密都在使徒手中， 看來得見一見那些使徒才行。`
[/episode]

[episode]
	20	0
	[episode_name]
		`迷妄之塔`
	[epic_index]
		62	63	64	65	92
	[/epic_index]
	[complete_text]
		``
[/episode]

[episode]
	20	0
	[episode_name]
		`灰色結晶`
	[epic_index]
		4440	4441	4442
	[/epic_index]
	[complete_text]
		`    擁有遠古精靈記憶的賽麗亞， 以及那些帶著邪惡氣息的灰色結晶， 這些讓人疑惑的問題該從哪里尋找線索呢？`
[/episode]

[episode]
	20	22
	[episode_name]
		`令人向往的天界`
	[epic_index]
		121	122	123	124	125	126	4315
	[/epic_index]
	[complete_text]
		`    天界是怎樣的一個世界呢？ 雖然去那里的主要目的是尋找使徒， 但面對這樣一個神奇的世界， 我怎么會不好奇呢？ 聽凱麗所說， 那可是機械文明相當發達的地方……機械文明？ 指的又是什么呢？`
[/episode]

[episode]
	24	0
	[episode_name]
		`天界的碎片 - 懸空城`
	[epic_index]
		360	361	362	363	364	365	367	4317
	[/epic_index]
	[complete_text]
		`    因為巴卡爾臨死前的最后一絲力量， 或是巴卡爾沒有完成心愿的強大怨恨， 天界被分裂了， 形成了現在人們看到的三個島。 而凝聚著巴卡爾魔法力量的碎片漂浮在天空中， 形成了被人們稱為懸空城的一座空中之城。`
[/episode]

[episode]
	25	0
	[episode_name]
		`不滅`
	[epic_index]
		16	17	18	19	20	4321
	[/epic_index]
	[complete_text]
		`    滅亡時賽格哈特對冒險家們說謝謝， 那聲音就像它在數百年間一直擔著的歲月重量一樣厚重。`
[/episode]

[episode]
	27	0
	[episode_name]
		`GBL教的悲劇`
	[epic_index]
		22	549	550
	[/epic_index]
	[complete_text]
		`    生活在天帷巨獸神殿中的GBL教， 是一個崇尚古代遺跡的宗教， 規模十分龐大。 由于天帷巨獸生活在天空之海里， 隨天空之海的海水游走， 所以生活在天帷巨獸的GBL教一直鮮為人知。 據調查， 天帷巨獸背上留存有大量的古代遺跡， 人們現在發現的文獻還不到其中的十分之一。 但就目前已發現的文獻而言， 其先進程度已遠遠超出了阿拉德大陸現有的科技。 而且至少要領先幾個世紀， 這讓人非常震驚！ 換句話說， 這些從阿拉德大陸的時間上被稱為古代遺跡的文獻， 其實應該是“未來遺跡”。 雖然它們與現代文明存在極大差異， 但兩者間還是有相同之處的。 那就是， 撇開時間順序， 兩者間還是有一定的連續性的。 簡單的說， 就是天帷巨獸背上的古代文明， 其實就是宇宙某處的現代文明。`
[/episode]

[episode]
	27	30
	[episode_name]
		`赫亞西斯的預言書`
	[epic_index]
		23	50	51	52
	[/epic_index]
	[complete_text]
		`    GBL教的預言者赫亞西斯， 從神跡中預見到未來某天， 使徒羅特斯會給GBL教帶來毀滅性的災難。 為了給GBL教留下一線血脈， 他把記載著預言以及對付羅特斯的方法的預言書分別交給了黃昏、 黑暗、 黎明和光明傳道師保管。 雖然不知道傳道師們是否能擺脫羅特斯的精神控制， 但預言書中記載有不受羅特斯精神控制的方法， 并且得到預言書的人可以依靠書中的方法打敗羅特斯。 就如同持有預言書的傳道師的名字一樣， 現在正是黑暗即將結束， 黎明即將到來的時刻！`
[/episode]

[episode]
	27	34
	[episode_name]
		`天帷巨獸背上的使徒`
	[epic_index]
		4324	4325	4326	4327	4328
	[/epic_index]
	[complete_text]
		`    使徒！？ 使徒！！ 在希洛克之后， 還存在異變的使徒？ 看來世界又要亂成一片了， 嘿嘿， 沒想到異變有時也會對我們有利啊！`
[/episode]

[episode]
	28	0
	[episode_name]
		`樹精叢林`
	[epic_index]
		551	552	4609
	[/epic_index]
	[complete_text]
		`    天帷巨獸是一個巨大的生命體， 它龐大的體積可以和大陸媲美。 在它背上， 也有和大陸一樣的山川、 平原、 河流以及樹木……這由此形成了樹精叢林。 在羅特斯還沒出現前， 樹精叢林里一直生活著一種叫樹精的古代植物。 它們能提升智慧， 一直被生活在天帷巨獸神殿中的GBL教徒使用著。`
[/episode]

[episode]
	29	0
	[episode_name]
		`黑暗與光明 1`
	[epic_index]
		554	555	4610
	[/epic_index]
	[complete_text]
		`1. 在世界的盡頭， 偉大的意志孕育了眾神。 2. 他們是一體的也是無限的， 其意志與權能無處不在。 -  泰拉創世紀第1章。`
[/episode]

[episode]
	30	0
	[episode_name]
		`黑暗與光明 2`
	[epic_index]
		558	559	4611
	[/epic_index]
	[complete_text]
		`3. 其中有一個突然傷心離開， 悲憤在心里彌漫。 我們雖然無所不能， 但沒有人贊揚我們。  4. 在永恒中迷茫的徘徊， 沒有人關注我們的志向； 只留下永不消逝的悲傷。 - 泰拉創世紀第1章。`
[/episode]

[episode]
	32	0
	[episode_name]
		`天帷巨獸的脊椎 1`
	[epic_index]
		562	563	4612
	[/epic_index]
	[complete_text]
		`5. 其中一人說道， 我們可以自己重新創造世紀， 讓我們恢復以往的輝煌， 我們會愛護它。  6. 首先要有一個能安居的地方， 留下的人都很高興。 7. 說這句話的人， 長著兩張臉， 臉上隱隱有晶瑩的露珠流下。 - 泰拉創世紀第1章。`
[/episode]

[episode]
	34	0
	[episode_name]
		`天帷巨獸的脊椎 2`
	[epic_index]
		573	4613
	[/epic_index]
	[complete_text]
		`8. 他用悲痛的聲音說， 要創造就要先消滅， 我們中的一部分……消滅了， 才能創造新的生命。 我們之中， 誰愿死亡， 然后在偉大的意志中重生？   9. 剩下的人在嘆息和思考， 他們中的12個人最終被挑選了出來。 - 泰拉創世紀第1章。`
[/episode]

[episode]
	33	0
	[episode_name]
		`維納斯神殿`
	[epic_index]
		4007	4015	4016	4017	4018	4019	4020	4021	4022
	[/epic_index]
	[complete_text]
		`美神維納斯的‘墮落’， 使這個神殿變成為一個充滿詛咒的地方。 于是GBL教封閉了這座神殿， 讓它永久地與世隔絕。 這么多年以來， 幾乎沒有人知道它的存在， 更不要說靠近那里一步……`
[/episode]

[episode]
	33	34
	[episode_name]
		`神圣的守護者`
	[epic_index]
		27	28	29	30	31	32	33	34	36	37	38
	[/epic_index]
	[complete_text]
		`    即將死去的羅特斯說道 : “我邪惡嗎?  或者在你們眼中是這樣的……但你們不也是為實現預言書的預言而成為了別人的傀儡嗎……在我看來， 你們更邪惡， 因為你們太胡涂了……”。 “愚蠢的人類， 在希洛克受盡折磨死去的那一刻， 它一定把將來會發生的事告訴你們了吧……你們也知道， 有一天整個人類都會因為異變而滅亡吧？”  --羅特斯`
[/episode]

[episode]
	35	0
	[episode_name]
		`樹精繁殖地`
	[epic_index]
		4024	4025	4026	4027	4028	4029
	[/epic_index]
	[complete_text]
		`羅特斯的邪惡力量， 已經影響到了天帷巨獸的生態系統， 那里各處都涌現出強大的變異生物。 據說消滅這些生物后所獲得的新材料， 可以高價賣給煉金術師和魔法師。 因此， 許多冒險家走上了征服這些變異生物的旅程……`
[/episode]

[episode]
	36	0
	[episode_name]
		`審判者馬塞爾`
	[epic_index]
		447	448	449	450	451	452	453	454
	[/epic_index]
	[complete_text]
		`    為了躲避羅特斯的精神控制， 馬塞爾躲進了天帷巨獸的肚子里。 在這里， 他復活了死去的GBL教教徒， 試圖向羅特斯報仇。 但羅特斯被冒險家殺死了， 馬塞爾失去了報仇目標， 最終瘋了……“為什么要妨礙我神圣的復仇！ 讓我變得如此迷惘！ 你們奪走了我的希望， 讓我只剩下一具軀殼。 我心底無法抹滅的仇恨， 永遠都沒機會報了， 現在我該怎么辦！”  --馬塞爾的日志(后篇)終結章……年份不詳。`
[/episode]

[episode]
	36	0
	[episode_name]
		`被封印的GBL教古文書`
	[epic_index]
		1552	1553
	[/epic_index]
	[complete_text]
		``
[/episode]

[episode]
	37	0
	[episode_name]
		`與暗精靈的戰爭`
	[epic_index]
		39	40	41	356	357	358	359	4404
	[/epic_index]
	[complete_text]
		`    艾麗絲的責怪、 暗精靈的憤怒、 宣戰報告、 帝國的旁觀、 公國的危機、 博肯與克倫特的努力、 冒險家的出現、 暗精靈煉金術士遺留的線索以及通向暗黑城的艱險道路。`
[/episode]

[episode]
	37	0
	[episode_name]
		`與暗精靈的戰爭`
	[epic_index]
		4466	4467	4468	356	357	358	359	4404
	[/epic_index]
	[complete_text]
		`    艾麗絲的責怪、 暗精靈的憤怒、 宣戰報告、 帝國的旁觀、 公國的危機、 博肯與克倫特的努力、 冒險家的出現、 暗精靈煉金術士遺留的線索以及通向暗黑城的艱險道路。`
[/episode]

[episode]
	38	0
	[episode_name]
		`蜘蛛洞穴`
	[epic_index]
		4405	4406	4407	4408
	[/epic_index]
	[complete_text]
		`    為什么艾麗絲會說人類是傳染病的根源呢？ 難道她不知道這句話足以引發一場戰爭嗎？ 她說的那個占卜結果， 是無意還是有心的？ 或者這只是一個傳聞， 所謂的占卜結果并不是艾麗絲說的？`
[/episode]

[episode]
	38	0
	[episode_name]
		`傳染病的解藥`
	[epic_index]
		42	43	44	45	46
	[/epic_index]
	[complete_text]
		`    冒險家們的努力付之一炬……解藥并沒有傳到暗精靈的手中。 因為暗精靈元老以與人類接觸過密為由， 將克倫特驅逐了。 現在， 能阻止這場戰爭的唯一辦法， 就是請冒險家親自帶解藥去暗黑城并向暗精靈證明， 這是真正的傳染病解藥！ `
[/episode]

[episode]
	38	43
	[episode_name]
		`修練`
	[epic_index]
		412	413	414
	[/epic_index]
	[complete_text]
		``
[/episode]

[episode]
	43	0
	[episode_name]
		`冰心少年`
	[epic_index]
		2518	2519	2520	2521	2522	2523	2524
	[/epic_index]
	[complete_text]
		`    當我冰冷的心臟遇到了你溫暖的目光， 我只想和你一起， 難道你不想嗎？ 來和我一起玩吧， 如果我被冰凍了， 請用你的溫暖將我融化， 拜托了……拜托……過來和我一起玩吧。`
[/episode]

[episode]
	42	0
	[episode_name]
		`班圖族的威脅`
	[epic_index]
		2511	2512	2502	2503	2504	2505	2514	2515	4603
	[/epic_index]
	[complete_text]
		`    至此， 冰龍斯卡薩和班圖族這場僵持了數百年的戰爭會告一段落了嗎？ 答案顯然是不會， 除非能殺死斯卡薩。 但憑班圖族目前的能力， 還遠遠不是斯卡薩的對手。`
[/episode]

[episode]
	39	0
	[episode_name]
		`邪龍的封印`
	[epic_index]
		441	442	444	445
	[/epic_index]
	[complete_text]
		`    長久以來， 邪龍斯皮茲都是暗精靈的眼中釘。 根據艾麗絲所說， 邪龍斯皮茲就是一個像爆龍王巴卡爾分身一樣的魔法創造生物……它一直想和其他龍族一決高下， 包括冰龍斯卡薩， 狂龍赫斯……`
[/episode]

[episode]
	43	0
	[episode_name]
		`白色影子的洞穴`
	[epic_index]
		4500	4501	4503	4504	4505	4506
	[/epic_index]
	[complete_text]
		`    從阿拉德大陸西北方也就是萬年雪山吹來的寒風， 讓整個阿拉德大陸變得陰冷無比， 同時也給公國后方運輸軍糧的后備軍帶來了巨大的威脅。 但公國和暗精靈間的戰爭正處于僵持狀態， 已沒有多余的力量支援后備軍。 唯一的辦法， 就是依靠冒險家的幫助。 面對越來越嚴峻的形勢， 冒險家們冒死進入萬年雪山， 在雪山上發現了許多不可思議的事。 而且在山腰處， 還發現了一個巨大的洞穴。 那個洞穴里有股奇怪的冷風， 它似乎可以把一切都冰凍， 而且洞中還隱藏著白色影子的巨大怪物--利庫……一邊是恐怖的怪物， 一邊是隱隱傳來的冰龍斯卡薩的咆哮……一時間， 前所未有的絕望籠罩著冒險家。`
[/episode]

[episode]
	41	0
	[episode_name]
		`強大的證明`
	[epic_index]
		47	48	49	4417
	[/epic_index]
	[complete_text]
		`    冒險家這次的表現， 足以給暗精靈元老留下深刻的印象。 現在， 我們的冒險家距離那些暗精靈引以為傲的要塞--暗黑城只剩下最后兩道關卡了。`
[/episode]

[episode]
	40	0
	[episode_name]
		`迷宮的劍士是誰`
	[epic_index]
		131	132	133	127	128	129	4422
	[/epic_index]
	[complete_text]
		`    他是守護暗黑城入口的劍士， 被人們稱為“影子劍士”， 曾是太刀達人西嵐的徒弟。 為了追求強大， 他試圖把魔法的力量加入到強力的刀法中去。 但卻在這過程中迷失了自我， 迷失了靈魂， 最終淪為暗精靈的守護者。 只要你看見了他， 就說明你離暗精靈的首都不遠了。`
[/episode]

[episode]
	44	0
	[episode_name]
		`廢墟中移動的白色巨物`
	[epic_index]
		4520	4521	4522	4523	4525	4526	4527	4528
	[/epic_index]
	[complete_text]
		`    隨著冰龍斯卡薩的蘇醒， 萬年雪山上出現了一件又一件奇怪的事。 在沒有征兆的情況下， 一向愛好和平的雪魈突然攻擊班圖族的戰士……為了解開這些謎團， 冒險家與班圖族的勇士一同踏上了雪山高處的白色廢墟。 經過努力， 他們打敗了白色廢墟的領主塞斯奇， 但還是沒有找到雪魈突然攻擊班圖族的線索。 似乎這一切都和冰龍斯卡薩的蘇醒有關， 這讓人們更加厭惡和懼怕冰龍斯卡薩了。`
[/episode]

[episode]
	46	0
	[episode_name]
		`大陸的GBL教`
	[epic_index]
		3801	3802	3803	3804	3805	3806
	[/epic_index]
	[complete_text]
		`    長久以來， 崇尚古代文明的GBL教一直在天帷巨獸的背上研究古代遺跡， 但使徒羅特斯的出現， 使那里的GBL教信徒幾乎都成了羅特斯的傀儡……現在， 阿拉德大陸又出現了GBL教的分部！ 難道除了奧菲利亞， 還有其他的GBL教信徒從羅特斯的魔爪下逃離？ 為解開諸多疑惑， 冒險家們紛紛前往GBL教的阿拉德分部， 但迎接他們的依然是被羅特斯控制的GBL教信徒……那些GBL教信徒為什么會設立阿拉德分部？ 他們的目的是什么？`
[/episode]

[episode]
	52	70
	[episode_name]
		`王的遺跡`
	[epic_index]
		388	389	390	391	392	393	394	396	397	398
	[/epic_index]
	[complete_text]
		`    當大地被塵土覆蓋， 人類和暗精靈的戰爭正處在僵持階段。 本來以帝國軍隊的實力， 要戰勝暗精靈綽綽有余。 打個比方， 如果把帝國的軍隊比作一張白紙， 那么暗精靈的士兵就是白紙上的一個點。 但現在， 因為莫名的原因， 帝國的士兵生病了。 剛開始大家以為是傳染病， 士兵開始恐慌， 逃兵的數量也逐日增加。 作為帝國的軍隊， 是絕對不允許士兵不戰而退， 但士兵們還是接二連三的逃跑了。 那些被抓回來的士兵喪失了神智， 他們嘴里不停地喊 : 王在召喚……王國萬歲……軍隊的指揮官認為這些士兵是被暗精靈施了詛咒， 所以請來驅魔師給這些士兵驅咒。 但奇怪的是， 驅魔師們也找不到原因。 不久后， 偵查兵在一個狹窄的洞穴入口發現了一百多名逃兵， 但那些逃兵早就變成了尸體……這件怪異的事在士兵中引發了騷動， 為了不讓這種傳聞繼續惡化， 帝國派出調查團前往事發地調查。 但調查團還沒開始調查就惹惱了一位沉睡的古代帝王， 調查團害怕受到王的詛咒， 只好慌忙回來稟報……最后， 一個無名的冒險家站了出來， 及時控制了這場詛咒的蔓延。`
[/episode]

[episode]
	52	70
	[episode_name]
		`王的遺跡`
	[epic_index]
		638	639	640	641	642	643	644	645	646	647
	[/epic_index]
	[complete_text]
		`    當大地被塵土覆蓋， 人類和暗精靈的戰爭正處在僵持階段。 本來以帝國軍隊的實力， 要戰勝暗精靈綽綽有余。 打個比方， 如果把帝國的軍隊比作一張白紙， 那么暗精靈的士兵就是白紙上的一個點。 但現在， 因為莫名的原因， 帝國的士兵生病了。 剛開始大家以為是傳染病， 士兵開始恐慌， 逃兵的數量也逐日增加。 作為帝國的軍隊， 是絕對不允許士兵不戰而退， 但士兵們還是接二連三的逃跑了。 那些被抓回來的士兵喪失了神智， 他們嘴里不停地喊 : 王在召喚……王國萬歲……軍隊的指揮官認為這些士兵是被暗精靈施了詛咒， 所以請來驅魔師給這些士兵驅咒。 但奇怪的是， 驅魔師們也找不到原因。 不久后， 偵查兵在一個狹窄的洞穴入口發現了一百多名逃兵， 但那些逃兵早就變成了尸體……這件怪異的事在士兵中引發了騷動， 為了不讓這種傳聞繼續惡化， 帝國派出調查團前往事發地調查。 但調查團還沒開始調查就惹惱了一位沉睡的古代帝王， 調查團害怕受到王的詛咒， 只好慌忙回來稟報……最后， 一個無名的冒險家站了出來， 及時控制了這場詛咒的蔓延。`
[/episode]

[episode]
	45	0
	[episode_name]
		`萬年雪山的支柱`
	[epic_index]
		4001	4002	4003	4004	4005	4006	4014	4008
	[/epic_index]
	[complete_text]
		`    冒險家們得知， 阿拉德大陸發生的所有事件和使徒的異變現象有關。 于是追根溯源， 想起了那些在悲鳴洞穴中與使徒希洛克決戰過的英雄， 其中就有與太刀達人西嵐一起進入悲鳴洞穴的班圖族族長布萬加。 冒險家們決定去萬年雪山尋找布萬加， 但為了與布萬加見面， 他們需要先通過排斥外族人的班圖族的考驗。 最后， 冒險家們經過了布萬加的對練考驗后， 終于知道了事情的真相。 但為了收集那些晦澀難懂的希洛克的獨白碎片， 冒險家還要找到灰衣劍士阿甘左。`
[/episode]

[episode]
	47	0
	[episode_name]
		`秘密的實驗`
	[epic_index]
		3808	3809	3810	3811	3812	3813
	[/epic_index]
	[complete_text]
		`    穿過重重阻力， 冒險家們終于來到了GBL教阿拉德分部深處的神秘研究所。 悄悄推開門， 里面的情形讓冒險家大吃一驚， 原來里面正在進行詭異的實驗， 到處都是裝滿液體的容器和數不清的各種怪物實驗體……冒險家們找到了相關的研究材料， 并了解到這些詭異的實驗其實是在研究恐怖的怪物！ 隨著調查的深入， 冒險家們在神秘研究所的深處發現了希特拉克， 并及時毀滅了這未完成的恐怖怪物……難道GBL教信徒來阿拉德大陸的目的， 僅僅是為了研究這些怪物嗎？`
[/episode]

[episode]
	47	0
	[episode_name]
		`復活、 阻止和沖突`
	[epic_index]
		3814	3815	3816	3819	3820	3821
	[/epic_index]
	[complete_text]
		`    所有的真相終于被揭開了， 冒險家追根溯源找到了引發這些奇怪事件的原因， 原來這一切都是為了復活羅特斯！ 而一旦讓羅特斯在阿拉德大陸復活， 那么阿拉德大陸就會迎來新的災難。 情況危急， 冒險家要想阻止羅特斯的復活， 唯一的方法就是將其藏身的卵破壞。`
[/episode]

[episode]
	46	0
	[episode_name]
		`夢的宮殿，冰的眼淚`
	[epic_index]
		4542	4543	4544	4545	4546	4547	4548	4549
	[/epic_index]
	[complete_text]
		`    班圖族代代相傳的民謠“洛絲之歌”， 歌唱的是一位純潔的少女， 她在睡夢中建造了一座美麗的冰雪宮殿， 并在里面幸福快樂的生活……只不過這首民謠后半部分隱藏了一些陰森的故事， 已隨歲月消失在人們的記憶中了。 現在， 歌謠所唱的傳說變成了現實， 冒險家和少女相繼消失在美麗的冰雪宮殿里……在這場如夢似幻的戰斗中， 斯卡薩的威脅漸漸逼近。 當傳說化為現實， 班圖族的心必將凝結在一起！`
[/episode]

[episode]
	55	70
	[episode_name]
		`比爾馬克帝國試驗場`
	[epic_index]
		419	420	421	422	423	425	426	428	432
	[/epic_index]
	[complete_text]
		`    比爾馬克， 據說是帝國的實驗場。 難道格蘭之森的大火災真的是它的爆炸引起的？ 傳聞還說， 這實驗是艾麗絲指使的， 不知道是不是真的？
不過比爾馬克確實很神秘， 像那些只在魔界出現的泰拉石， 竟然也出現在比爾馬克， 還有那些不為人知的秘密……`
[/episode]

[episode]
	48	0
	[episode_name]
		`傳染病蔓延的村莊`
	[epic_index]
		53	54	55	56	57
	[/epic_index]
	[complete_text]
		`    在傳染病蔓延的村莊， 冒險家看到的并不是尸橫遍地， 而是盜賊橫行。 雖然在戰斗中冒險家險勝那些盜賊， 但這并不值得驕傲， 因為這種奇怪的現象背后， 是更大的危機……`
[/episode]

[episode]
	48	0
	[episode_name]
		`擊退盜賊團`
	[epic_index]
		1259
	[/epic_index]
	[complete_text]
		``
[/episode]

[episode]
	49	0
	[episode_name]
		`灰衣劍士`
	[epic_index]
		4101	4102	4103	4104	4105	4106
	[/epic_index]
	[complete_text]
		`    要找到灰衣劍士阿甘左并不容易。 20多年前， 阿甘左從悲鳴洞穴出來后， 就在人們的視線中消失了。 冒險家從和阿甘左一起進入悲鳴洞穴的布萬加口中得知， 阿甘左曾出現在赫頓瑪爾的月光酒館。 冒險家前往月光酒館， 但在酒館中與搗亂的赫頓尼斯幫發生了沖突。 在亂戰中， 冒險家發現了一位很特別的鬼劍士， 但當時并不知道他就是阿甘左。 阿甘左在確認他們就是布萬加所說的冒險家后， 通過郵件告訴冒險家與希洛克之間發生的事。 原來阿甘左也沒有聽到最后一句， 因為當時和希洛克一同死去的還有盧克西。 他當時太傷心了， 所以什么也聽不到了。 由此， 尋找古代悲鳴洞穴的線索就告一段落。`
[/episode]

[episode]
	50	0
	[episode_name]
		`吹笛子的人`
	[epic_index]
		66	67	68	69
	[/epic_index]
	[complete_text]
		`    一個吹笛子的人臨死前呼叫了一個名字——狄瑞吉， 那是第六使徒“黑色瘟疫”的名字。 難道傳染病是狄瑞吉帶來的？ 難道希洛克臨死前說的那個預言， 要應驗了？`
[/episode]

[episode]
	51	0
	[episode_name]
		`暗黑城入口`
	[epic_index]
		70	73	74	75	76	77
	[/epic_index]
	[complete_text]
		`冒險家經過重重困難， 終于來到了暗精靈的首都--暗黑城！ 面對固執的暗精靈元老， 冒險家能和他們解除誤會并阻止戰爭嗎？`
[/episode]

[episode]
	50	70
	[episode_name]
		`死神的邀請`
	[epic_index]
		3588	3589	3590	3591	3592
	[/epic_index]
	[complete_text]
		`    我們~很快會再見面的……  --死神德萊弗斯`
[/episode]

[episode]
	59	70
	[episode_name]
		`不褪色的噩夢--悲鳴洞穴`
	[epic_index]
		4330	4331	4340	4341	4347	4352	4357	4358	4359
	[/epic_index]
	[complete_text]
		`    悲鳴洞穴是阿甘左的傷心之地， 雖然過去那么多年了， 但只要想起悲鳴洞穴， 阿甘左滿腦子都是盧克西的影子。 對盧克西的內疚， 日日夜夜折磨著阿甘左， 時間過去越久， 內疚就越深。 每當傷心時， 阿甘左就會揮舞他的大劍。 如果還不能減緩痛苦， 他就會到酒館喝得爛醉， 因為只有醉時才不用去想她。 他經常想， 當初要是自己更強一點， 盧可西沒有救自己， 自己的人生會不會不同？ 不過可以肯定的是， 自己絕不會像現在這樣被過去羈絆， 永遠無法掙脫……阿甘左又陷入痛苦的回憶里， 盧克西的影子在腦海里越來越清晰……巨大的痛苦讓阿甘左不能喘息， 看來今天又只能借酒消愁了。`
[/episode]

[episode]
	59	70
	[episode_name]
		`不褪色的噩夢--悲鳴洞穴`
	[epic_index]
		4332	4333	4340	4342	4348	4353	4357	4358	4359
	[/epic_index]
	[complete_text]
		`    悲鳴洞穴是阿甘左的傷心之地， 雖然過去那么多年了， 但只要想起悲鳴洞穴， 阿甘左滿腦子都是盧克西的影子。 對盧克西的內疚， 日日夜夜折磨著阿甘左， 時間過去越久， 內疚就越深。 每當傷心時， 阿甘左就會揮舞他的大劍。 如果還不能減緩痛苦， 他就會到酒館喝得爛醉， 因為只有醉時才不用去想她。 他經常想， 當初要是自己更強一點， 盧可西沒有救自己， 自己的人生會不會不同？ 不過可以肯定的是， 自己絕不會像現在這樣被過去羈絆， 永遠無法掙脫……阿甘左又陷入痛苦的回憶里， 盧克西的影子在腦海里越來越清晰……巨大的痛苦讓阿甘左不能喘息， 看來今天又只能借酒消愁了。`
[/episode]

[episode]
	59	70
	[episode_name]
		`不褪色的噩夢--悲鳴洞穴`
	[epic_index]
		4334	4335	4340	4343	4349	4354	4357	4358	4359
	[/epic_index]
	[complete_text]
		`    悲鳴洞穴是阿甘左的傷心之地， 雖然過去那么多年了， 但只要想起悲鳴洞穴， 阿甘左滿腦子都是盧克西的影子。 對盧克西的內疚， 日日夜夜折磨著阿甘左， 時間過去越久， 內疚就越深。 每當傷心時， 阿甘左就會揮舞他的大劍。 如果還不能減緩痛苦， 他就會到酒館喝得爛醉， 因為只有醉時才不用去想她。 他經常想， 當初要是自己更強一點， 盧可西沒有救自己， 自己的人生會不會不同？ 不過可以肯定的是， 自己絕不會像現在這樣被過去羈絆， 永遠無法掙脫……阿甘左又陷入痛苦的回憶里， 盧克西的影子在腦海里越來越清晰……巨大的痛苦讓阿甘左不能喘息， 看來今天又只能借酒消愁了。`
[/episode]

[episode]
	59	70
	[episode_name]
		`不褪色的噩夢--悲鳴洞穴`
	[epic_index]
		4336	4337	4340	4344	4350	4355	4357	4358	4359
	[/epic_index]
	[complete_text]
		`    悲鳴洞穴是阿甘左的傷心之地， 雖然過去那么多年了， 但只要想起悲鳴洞穴， 阿甘左滿腦子都是盧克西的影子。 對盧克西的內疚， 日日夜夜折磨著阿甘左， 時間過去越久， 內疚就越深。 每當傷心時， 阿甘左就會揮舞他的大劍。 如果還不能減緩痛苦， 他就會到酒館喝得爛醉， 因為只有醉時才不用去想她。 他經常想， 當初要是自己更強一點， 盧可西沒有救自己， 自己的人生會不會不同？ 不過可以肯定的是， 自己絕不會像現在這樣被過去羈絆， 永遠無法掙脫……阿甘左又陷入痛苦的回憶里， 盧克西的影子在腦海里越來越清晰……巨大的痛苦讓阿甘左不能喘息， 看來今天又只能借酒消愁了。`
[/episode]

[episode]
	59	70
	[episode_name]
		`不褪色的噩夢--悲鳴洞穴`
	[epic_index]
		4338	4339	4340	4345	4351	4356	4357	4358	4359
	[/epic_index]
	[complete_text]
		`    悲鳴洞穴是阿甘左的傷心之地， 雖然過去那么多年了， 但只要想起悲鳴洞穴， 阿甘左滿腦子都是盧克西的影子。 對盧克西的內疚， 日日夜夜折磨著阿甘左， 時間過去越久， 內疚就越深。 每當傷心時， 阿甘左就會揮舞他的大劍。 如果還不能減緩痛苦， 他就會到酒館喝得爛醉， 因為只有醉時才不用去想她。 他經常想， 當初要是自己更強一點， 盧可西沒有救自己， 自己的人生會不會不同？ 不過可以肯定的是， 自己絕不會像現在這樣被過去羈絆， 永遠無法掙脫……阿甘左又陷入痛苦的回憶里， 盧克西的影子在腦海里越來越清晰……巨大的痛苦讓阿甘左不能喘息， 看來今天又只能借酒消愁了。`
[/episode]

[episode]
	59	70
	[episode_name]
		`不褪色的噩夢--悲鳴洞穴`
	[epic_index]
		5001	5002	4340	5003	5004	5005	4357	4358	4359
	[/epic_index]
	[complete_text]
		`    悲鳴洞穴是阿甘左的傷心之地， 雖然過去那么多年了， 但只要想起悲鳴洞穴， 阿甘左滿腦子都是盧克西的影子。 對盧克西的內疚， 日日夜夜折磨著阿甘左， 時間過去越久， 內疚就越深。 每當傷心時， 阿甘左就會揮舞他的大劍。 如果還不能減緩痛苦， 他就會到酒館喝得爛醉， 因為只有醉時才不用去想她。 他經常想， 當初要是自己更強一點， 盧可西沒有救自己， 自己的人生會不會不同？ 不過可以肯定的是， 自己絕不會像現在這樣被過去羈絆， 永遠無法掙脫……阿甘左又陷入痛苦的回憶里， 盧克西的影子在腦海里越來越清晰……巨大的痛苦讓阿甘左不能喘息， 看來今天又只能借酒消愁了。`
[/episode]

[episode]
	59	70
	[episode_name]
		`不褪色的噩夢--悲鳴洞穴`
	[epic_index]
		4372	4373	4340	4374	4375	4376	4377	4378	4379
	[/epic_index]
	[complete_text]
		`    悲鳴洞穴是阿甘左的傷心之地， 雖然過去那么多年了， 但只要想起悲鳴洞穴， 阿甘左滿腦子都是盧克西的影子。 對盧克西的內疚， 日日夜夜折磨著阿甘左， 時間過去越久， 內疚就越深。 每當傷心時， 阿甘左就會揮舞他的大劍。 如果還不能減緩痛苦， 他就會到酒館喝得爛醉， 因為只有醉時才不用去想她。 他經常想， 當初要是自己更強一點， 盧可西沒有救自己， 自己的人生會不會不同？ 不過可以肯定的是， 自己絕不會像現在這樣被過去羈絆， 永遠無法掙脫……阿甘左又陷入痛苦的回憶里， 盧克西的影子在腦海里越來越清晰……巨大的痛苦讓阿甘左不能喘息， 看來今天又只能借酒消愁了。`
[/episode]

[episode]
	59	70
	[episode_name]
		`不褪色的噩夢--悲鳴洞穴`
	[epic_index]
		7648	7649	4340	7650	7651	7652	4357	4358	4359
	[/epic_index]
	[complete_text]
		`    悲鳴洞穴是阿甘左的傷心之地， 雖然過去那么多年了， 但只要想起悲鳴洞穴， 阿甘左滿腦子都是盧克西的影子。 對盧克西的內疚， 日日夜夜折磨著阿甘左， 時間過去越久， 內疚就越深。 每當傷心時， 阿甘左就會揮舞他的大劍。 如果還不能減緩痛苦， 他就會到酒館喝得爛醉， 因為只有醉時才不用去想她。 他經常想， 當初要是自己更強一點， 盧可西沒有救自己， 自己的人生會不會不同？ 不過可以肯定的是， 自己絕不會像現在這樣被過去羈絆， 永遠無法掙脫……阿甘左又陷入痛苦的回憶里， 盧克西的影子在腦海里越來越清晰……巨大的痛苦讓阿甘左不能喘息， 看來今天又只能借酒消愁了。`
[/episode]

[episode]
	59	70
	[episode_name]
		`毀滅戮蠱`
	[epic_index]
		4346
	[/epic_index]
	[complete_text]
		``
[/episode]

[episode]
	52	0
	[episode_name]
		`侵襲大陸的沙塵暴`
	[epic_index]
		3901	3902	3903	3904	3905	3906
	[/epic_index]
	[complete_text]
		`    有消息說， 一群未知的敵人襲擊并占領了帝國的幾個城鎮。 冒險家對這些未知的敵人感到好奇， 于是和想方設法重新收復城鎮的帝國軍隊一起， 前往了這些淪陷的城鎮。 冒險家們終于查出這些未知敵人的來歷， 他們竟然是天界無法地帶的沙漠風暴--卡勒特！ 這注定是一場艱苦的爭奪戰， 冒險家和帝國軍隊不得不面對運用各種槍械和機械武裝的卡勒特軍隊。 在充滿垃圾和灰塵的熱血八番街里， 冒險家們與卡勒特軍隊殊死搏斗。 歷經生死奮戰， 冒險家們終于擊敗了卡勒特的軍隊， 艱難地奪回了熱血八番街。 但除了熱血八番街， 還有幾個城鎮被卡勒特軍隊占領著， 看來新一輪的血戰又要來臨了……`
[/episode]

[episode]
	53	0
	[episode_name]
		`念動力`
	[epic_index]
		3907	3908	3909	3911	3910
	[/epic_index]
	[complete_text]
		`    冒險家成功收復熱血八番街后， 便立即前往下一個目標格羅茲尼。 但出現在冒險家眼前的格羅茲尼， 已面目全非， 完全被綠色遮蓋……通過調查， 冒險家還發現， 這些讓人不可思議的事， 其實都是念動力者操縱的！ 把整個城鎮變成一片綠色的梅亞、 可以自由召喚蟲子的狄桑、 還有可以控制身邊物品的麥瑟·莫納亨， 她們正用一切手段阻止冒險家進入格羅茲尼！ 她們為什么跟卡勒特勾結？ 雖然念動力者身上發生的事讓人同情， 但為了整個大陸， 冒險家不得不和她們展開激烈的戰斗。 卡勒特入侵阿拉德， 目的何在呢？`
[/episode]

[episode]
	61	70
	[episode_name]
		`摩根的日志`
	[epic_index]
		4443	4444	4445	4446	4447
	[/epic_index]
	[complete_text]
		`    ……難道是艾麗絲在撒謊？ 那她的目的又是為了什么？  --[插曲故事 摩根的日志]中`
[/episode]

[episode]
	61	70
	[episode_name]
		`異次元裂縫與使徒的幻影`
	[epic_index]
		4448	4449
	[/epic_index]
	[complete_text]
		`    異次元裂縫……很早以前， 那些研究異次元裂縫的祖先就告誡過我們‘異次元裂縫的力量是能讓神明感到畏懼的力量， 絕不能隨便使用……’， 然而有些人還是無視祖先的告誡， 濫用異次元裂縫的力量。 而由此產生的罪孽， 卻報應在諾伊佩拉那些無辜的暗精靈百姓身上……但是， 不是只有我們暗精靈知道如何利用異次元裂縫的力量嗎？ ……那么， 到底是誰在濫用異次元裂縫的力量， 而且對異次元裂縫的了解還超過了對此研究了數百年的暗精靈？  --[插曲故事 摩根的日志]中`
[/episode]

[episode]
	61	70
	[episode_name]
		`暴戾搜捕團出現`
	[epic_index]
		4452	4453	4454
	[/epic_index]
	[complete_text]
		`    等等……假如說使徒們擁有自己獨特的氣息， 那么從偽裝者和傳染病之間的關系看， 奧茲瑪和狄瑞吉之間是否也應該有某種聯系呢？ 難道那個叫奧茲瑪的惡魔也是使徒？ 那‘使徒’又意味著什么呢？ 還有那些被稱作暴戾搜捕團的人類， 他們為什么要崇拜只會給世界帶來混亂的‘使徒’？ 而且還堅信使徒能給他們帶來救贖？ 這難道是末日的掙扎， 或者是有某種依據？  --[插曲故事 摩根的日志]中`
[/episode]

[episode]
	54	0
	[episode_name]
		`千年的恩怨`
	[epic_index]
		4562	4563	4564	4565	4566	4567	4568	4569	4571
	[/epic_index]
	[complete_text]
		`    雖然斯卡薩并沒有直接攻擊班圖族的村莊， 但它的咆哮聲已讓班圖族的多數人覺得生命受到了威脅。 這場僵持了千年的戰爭， 必不可免， 班圖族決定和斯卡薩開戰。 雖然以班圖族現有的實力， 絕對擊敗不了斯卡薩， 但至少可以為最后決戰爭取到一些時間。 隨著斯卡薩逐漸變弱， 它帶來的威脅似乎也在遠離， 班圖族對未來又有了新的希望。`
[/episode]

[episode]
	55	0
	[episode_name]
		`終于開啟的天界之門`
	[epic_index]
		4414	4415	4416	4424
	[/epic_index]
	[complete_text]
		`    天界……并沒有冒險家們想象的那么美好， 它與凱麗所說的那個天界完全不同……天界現存的那些機械裝置， 雖然外表還很光鮮， 但是不能使用， 天族說是因為能源中心無法供給電力導致的……還說是因為突然轉移到能源中心的叫安徒恩的怪物把電力吞噬了……安徒恩……這又和使徒有關嗎？`
[/episode]

[episode]
	55	0
	[episode_name]
		`根特的危機`
	[epic_index]
		4201	4202	4203	4204	4205	4206	4207	4208	4209	4210	4227
	[/epic_index]
	[complete_text]
		`    冒險家們懷著憧憬來到天界， 但呈現在他們眼前的是無比凄慘的場面。 想一統天界的卡勒特， 為了擴大自己的勢力， 向根特發動了戰爭。 空氣中彌漫著刺鼻的火藥味， 天空中籠罩著黑色的煙霧， 天界的首都即將淪陷……這情形出乎了冒險家們的預料。 而卡勒特也趁機將毒手伸向冒險家， 他們對冒險家們展開屠殺并俘虜了很多冒險家。 不過并不是所有的冒險家都遭到了卡勒特的毒手， 一些在阿拉德大陸經歷過漫長戰爭洗禮的冒險家在這場屠殺中脫穎而出， 以極其頑強的精神奮起抗戰。 最終， 冒險家們用以一敵百的實力擊退了卡勒特， 并成功化解了天界首都根特的淪陷危機。 對陷入混亂的天界來說， 這些冒險家已成為天界新的希望。`
[/episode]

[episode]
	56	0
	[episode_name]
		`根特東門`
	[epic_index]
		4212	4213	4214	4215	4216	4217	4218	4228
	[/epic_index]
	[complete_text]
		`    雖然冒險家的出現讓卡勒特損失慘重， 但根特的守備隊和冒險家們并沒有因此而獲得更多的準備時間。 根特的東門正被以卡勒特機動隊為首的卡勒特支援軍攻擊， 損失慘重， 城門隨時都有被攻破的危險……冒險家們匆忙來到根特東門， 在這里， 冒險家們見到了騎著奇怪機械的卡勒特機動隊以及機動隊長蘇雷德。 在蘇雷德的帶領下， 那些機動隊員正以他們特有的敏捷移動和大威力的機械裝置阻止冒險家的救援……一場激烈的戰爭過后， 雖然不少冒險家都受到了傷害， 但還是把卡勒特的機動隊消滅了。 不過冒險家們并沒有為此而高興， 因為根特隨時都有被卡勒特侵占的危險。 此外， 經過幾次連續戰斗， 冒險家們也漸漸感到疲憊……`
[/episode]

[episode]
	57	0
	[episode_name]
		`看不見的希望`
	[epic_index]
		4360	4361	4362	4363	4364	4365	4366	4367	4368
	[/epic_index]
	[complete_text]
		`    GT-9600是裝備了大量優良武器的機械兵器， 與普通的機械兵器不同， 尤其是在速度上， 它遠遠超越了普通的機械兵器。 GT-9600的厚重裝甲可以抵擋冒險家的槍、 劍以及魔法等的攻擊， 而且耐熱性非常好， 不懼火焰……聽說， 在GT-9600卓越的機動性和火力前， 那些原本打算幫助根特皇都軍的冒險家， 已經紛紛逃離根特， 呵呵~如果卡勒特抓住這個機會大量生產GT-9600， 那么根特的淪陷就指日可待！ 這點， 我可以用我機械天才吉賽爾的名義擔保！  --吉賽爾`
[/episode]

[episode]
	58	0
	[episode_name]
		`準備反擊`
	[epic_index]
		4257	4258	4259	4260	4261	4262
	[/epic_index]
	[complete_text]
		``
[/episode]

[episode]
	58	0
	[episode_name]
		`機械臂捷克`
	[epic_index]
		4263	4264	4265	4266
	[/epic_index]
	[complete_text]
		``
[/episode]

[episode]
	59	0
	[episode_name]
		`根特防御戰`
	[epic_index]
		4276	4277	4278	4279	4280	4281	4282	4283	4284
	[/epic_index]
	[complete_text]
		``
[/episode]

[episode]
	59	0
	[episode_name]
		`梅爾文的研究`
	[epic_index]
		4285	4286	4287	4288	4289	4290
	[/epic_index]
	[complete_text]
		``
[/episode]

[episode]
	65	70
	[episode_name]
		`[異界地下城]異次元裂縫`
	[epic_index]
		5151	5152	5153	5154	5155	5156	5157
	[/epic_index]
	[complete_text]
		`    在過去的數千年里， 人類一直把神秘又令人恐懼的異界稱為地獄。 但憑常識， 我知道那個地方不能用現實世界的時間和空間概念去理解。 兩百年前， 我們暗精靈發現了異次元裂縫， 并對其進行了秘密研究。 研究成果除了對異界結構有了新的認識外， 我們還發現異界中充滿了無限大的一種力量……如果我們能利用這種力量， 我們暗精靈就會擁有非凡的能力。 但這種力量太過強大， 我擔心我們連觸碰它的機會都沒有。 同時我對這樣的地方也充滿了疑問， 不知道它的出現是不是因為神的許可？ 如果不是神的許可， 那是誰把這無限的領域偷偷的展現在我們面前？  --暗精靈煉金術師珊圖的異次元裂縫研究日志， 阿拉德歷690年。`
[/episode]

[episode]
	40	70
	[episode_name]
		`不祥的建筑物`
	[epic_index]
		5650	5651	5652	5653	5654
	[/epic_index]
	[complete_text]
		`    亡者峽谷中不祥建筑物的真面目終于被揭開了， 那是一座惡魔的祭壇， 一座你一旦去過， 就再也不敢靠近的祭壇。 但……為什么我的腳步依然會不由自主的邁向那里呢？`
[/episode]

[episode]
	40	70
	[episode_name]
		`終極煉金術`
	[epic_index]
		5655	5656	5657
	[/epic_index]
	[complete_text]
		`    永恒不滅只是無法實現的夢想嗎？ 赫頓瑪爾那個古怪的煉金術師， 每天都戴著瓶底厚的眼鏡， 廢寢忘食的研究……可惜成功之日……`
[/episode]

[episode]
	60	0
	[episode_name]
		`夜間作戰`
	[epic_index]
		5720	5721	5722	5723	5724
	[/epic_index]
	[complete_text]
		`    根特南門防御戰之后， 敵人的攻勢有所減緩。 在此期間， 皇都軍在安特貝魯峽谷深處發現了敵軍的營地。 但由于資源不足， 澤丁·施奈德只好借助冒險家的力量先行擾亂敵軍營地。 而冒險家們也不負眾望， 成功地完成了任務。 只是迷霧重重的漆黑之地， 似乎仍然潛藏著不少危機……`
[/episode]

[episode]
	60	0
	[episode_name]
		`銀勺雜技團`
	[epic_index]
		5725	5726	5727	5728	5729
	[/epic_index]
	[complete_text]
		`    卡勒特軍隊之所以敢傾盡全力進攻皇都， 是因為他們后方營地有傭兵銀勺雜技團駐守。 盡管冒險家們已經教訓過這幫使用奇怪技能的家伙， 但是這群家伙仍然死死堅守著， 不讓皇都軍靠近！`
[/episode]

[episode]
	61	0
	[episode_name]
		`探索補給基地`
	[epic_index]
		5743	5745	5747	5744	5746
	[/epic_index]
	[complete_text]
		`    冒險家在夜間襲擊戰中找到了卡勒特的作戰地圖， 并依照圖中的標識探查到敵軍補給基地的位置。 這次冒險家需要破壞卡勒特的補給基地， 切斷他們的生命線。 一旦成功破壞， 就該輪到皇都軍進行反擊了！`
[/episode]

[episode]
	60	0
	[episode_name]
		`開啟英雄級 - 夜間襲擊戰`
	[epic_index]
		5883	5884
	[/epic_index]
	[complete_text]
		``
[/episode]

[episode]
	61	0
	[episode_name]
		`開啟英雄級 - 補給線阻斷戰`
	[epic_index]
		5885	5886
	[/epic_index]
	[complete_text]
		``
[/episode]

[episode]
	62	0
	[episode_name]
		`開啟英雄級 - 追擊殲滅戰`
	[epic_index]
		5887	5888
	[/epic_index]
	[complete_text]
		``
[/episode]

[episode]
	63	0
	[episode_name]
		`開啟英雄級 - 血蝴蝶之舞`
	[epic_index]
		5822	5823
	[/epic_index]
	[complete_text]
		``
[/episode]

[episode]
	64	0
	[episode_name]
		`開啟英雄級 - 疑惑之村`
	[epic_index]
		5834	5835
	[/epic_index]
	[complete_text]
		``
[/episode]

[episode]
	65	0
	[episode_name]
		`開啟英雄級 - 列車上的海賊`
	[epic_index]
		5854	5855
	[/epic_index]
	[complete_text]
		``
[/episode]

[episode]
	66	0
	[episode_name]
		`開啟英雄級 - 奪回西部線`
	[epic_index]
		5879	5880
	[/epic_index]
	[complete_text]
		``
[/episode]

[episode]
	61	0
	[episode_name]
		`實驗的真相`
	[epic_index]
		5748	5749	5750	5751
	[/epic_index]
	[complete_text]
		`    吉賽爾摒棄科學家的道德觀， 在卡勒特基地內持續地進行非人道的科學實驗。 梅爾文博士希望冒險家能夠找到實驗體的DNA樣本， 幫助他查出吉賽爾實驗的真相。 于是冒險家們展開了一連串地深入調查， 目的就是阻止這種實驗繼續進行……`
[/episode]

[episode]
	62	0
	[episode_name]
		`勇士集結`
	[epic_index]
		5765	5766	5767	5768	5769	5770	5771	5772	5773	5779	5780	5781
	[epic_index]
	[complete_text]
		`    冒險家們成功偵查到敵軍逃匿的位置， 并在那里與秘密潛入的皇都軍精銳特工匯合。 現在只要集結一切力量， 就可以給予敵人致命的一擊了！`
[/episode]

[episode]
	63	0
	[episode_name]
		`血蝴蝶之舞`
	[epic_index]
		5800	5801	5802	5803	5804
	[/epic_index]
	[complete_text]
		``
[/episode]

[episode]
	63	0
	[episode_name]
		`食夢樹`
	[epic_index]
		5805	5806	5807	5808	5809
	[/epic_index]
	[complete_text]
		``
[/episode]

[episode]
	63	0
	[episode_name]
		`食夢樹`
	[epic_index]
		5810	5811	5812	5813	5814
	[/epic_index]
	[complete_text]
		``
[/episode]

[episode]
	64	0
	[episode_name]
		`疑惑之村`
	[epic_index]
		5889	5890	5891	5892
	[/epic_index]
	[complete_text]
		``
[/episode]

[episode]
	64	0
	[episode_name]
		`諾頓的研究成果`
	[epic_index]
		5893	5894	5895
	[/epic_index]
	[complete_text]
		``
[/episode]

[episode]
	65	0
	[episode_name]
		`收復海上列車`
	[epic_index]
		5836	5837	5838	5839	5840
	[/epic_index]
	[complete_text]
		``
[/episode]

[episode]
	65	0
	[episode_name]
		`小燈籠`
	[epic_index]
		5841	5842	5843	5844
	[/epic_index]
	[complete_text]
		``
[/episode]

[episode]
	66	0
	[episode_name]
		`破壞運輸中的裝備`
	[epic_index]
		5864	5865	5866	5867	5868
	[/epic_index]
	[complete_text]
		``
[/episode]

[episode]
	66	0
	[episode_name]
		`變異的鱷魚`
	[epic_index]
		5869	5870	5871
	[/epic_index]
	[complete_text]
		``
[/episode]

[episode]
	67	0
	[episode_name]
		`智慧與金錢`
	[epic_index]
		144	145	146	147	148	149	150	151
	[/epic_index]
	[complete_text]
		`為了幫小燈籠賺錢， 冒險家偽裝成藍影馬薩喬潛入鐵鱗海賊團內部。 有高度近視的波迪爾不僅沒能發現變裝后的冒險家， 甚至還委托冒險家去調查一個叛徒……`
[/episode]

[episode]
	60	0
	[episode_name]
		`穿戴輔助裝備`
	[epic_index]
		674	649	676
	[/epic_index]
	[complete_text]
		`冒險家啊！ 如果想變得更強， 請帶上輔助裝備吧！`
[/episode]

[episode]
	65	0
	[episode_name]
		`佩戴魔法石`
	[epic_index]
		675	650	677
	[/epic_index]
	[complete_text]
		`冒險家啊！ 如果想變得更強， 請帶上魔法石吧！`
[/episode]

[episode]
	65	0
	[episode_name]
		`幽靈列車的傳說`
	[epic_index]
		6002	6003	6004	6005	6006	6007	6008
	[/epic_index]
	[complete_text]
		``
[/episode]

[episode]
	65	0
	[episode_name]
		`極限的祭壇`
	[epic_index]
		7339	7340	7341	7342	7343	7344	7345
	[/epic_index]
	[complete_text]
		``
[/episode]

[episode]
	68	0
	[episode_name]
		`黑色瘟疫狄瑞吉`
	[epic_index]
		5981	5982	5983	5984	5985	5986	5987	5988	5989	5990	5991
	[/epic_index]
	[complete_text]
		``
[/episode]

[episode]
	68	0
	[episode_name]
		`黑色瘟疫狄瑞吉`
	[epic_index]
		5993	5982	5983	5984	5985	5986	5987	5988	5989	5994	5995
	[/epic_index]
	[complete_text]
		``
[/episode]

[episode]
	70	0
	[episode_name]
		`再戰異次元裂縫`
	[epic_index]
		7728	7729	7730	7731	7732	7733	7734	7735	7736
	[/epic_index]
	[complete_text]
		``
[/episode]

[episode]
	67	0
	[episode_name]
		`西部無法地帶`
	[epic_index]
		4032	4033	4034	4035	4036	4037	4038	4039
	[/epic_index]
	[complete_text]
		`根據從鐵鱗海賊團處收買的情報來看， 卡勒特已經把皇女艾麗婕帶到了無法地帶的峽谷地區。 澤丁·施奈德雖然很想救出皇女， 但由于情報來源的不穩定性， 暫時還不敢擅自動用到皇都正規軍。 所以她只好拜托冒險家們去霧都赫伊斯查探一番， 以檢驗情報是否屬實。`
[/episode]

[episode]
	67	0
	[episode_name]
		`霧都赫伊斯`
	[epic_index]
		4039	4040	4041	4042	4043	4044
	[/epic_index]
	[complete_text]
		`卡勒特部隊已被逼退到西部無法地帶， 但仍在拼命抵抗， 據說是因為范·弗拉丁立下了軍規 : 哪怕戰死， 也不能投降。`
[/episode]

[episode]
	68	0
	[episode_name]
		`終結的傳說`
	[epic_index]
		4049	4050	4051	4052	4053	4054	4055	4056
	[/epic_index]
	[complete_text]
		`西部無法地帶的神話人物——安祖·賽弗早已死去， 現在的安祖·賽弗只是被移植了記憶的機器人。 而這件卑劣又駭人聽聞的事情， 正是由惡魔蘭蒂盧斯一手謀劃……`
[/episode]

[episode]
	67	68
	[episode_name]
		`收復失地`
	[epic_index]
		4057	4058	4059	4060	4061	4062
	[/epic_index]
	[complete_text]
		`25年前， 安祖·賽弗開始進軍西部無法地帶， ‘天界戰爭’由此拉開了序幕。 事到如今， 這場戰爭已經即將步入尾聲。 被戰爭奪去了眾多親友的凱麗， 拜托冒險家把可惡的卡勒特永遠地驅逐出去……`
[/episode]

[episode]
	70	0
	[episode_name]
		`武人之都素喃`
	[epic_index]
		4076	4077
	[/epic_index]
	[complete_text]
		``
[/episode]

[episode]
	70	0
	[episode_name]
		`黃龍大會奪魁`
	[epic_index]
		4078	4079	4080
	[/epic_index]
	[complete_text]
		`黃龍大會的獲勝者， 將獲得素喃地區最具權威的武斗大會——青龍大會的入場資格。`
[/episode]

[episode]
	70	0
	[episode_name]
		`青龍大會奪魁`
	[epic_index]
		4069	4070	4071
	[/epic_index]
	[complete_text]
		`在素喃地區頂級武斗大會獲勝的冒險家， 從此在阿拉德大陸聲名大振。 連四劍圣之一的西嵐也找上門來， 說要把一項重要的任務交給他…… `
[/episode]

[episode]
	70	0
	[episode_name]
		`西嵐的召喚`
	[epic_index]
		4073	4074
	[/epic_index]
	[complete_text]
		`西嵐肯定了冒險家的實力， 并相邀一起去完成一項秘密任務。 在這趟旅程中， 各種謎團將會一一解開……`
[/episode]

[episode]
	70	0
	[episode_name]
		`時空之門 1`
	[epic_index]
		4120	4114	4115	4116	4117	4118	4119
	[/epic_index]
	[complete_text]
		``
[/episode]

[episode]
	70	0
	[episode_name]
		`格蘭之火 1`
	[epic_index]
		4121	4122	4123	4124	4125	4126	4127	4128	4129	4130	4390
	[/epic_index]
	[complete_text]
		``
[/episode]

[episode]
	70	0
	[episode_name]
		`格蘭之火 2`
	[epic_index]
		4385	4386	4387	4388	4389
	[/epic_index]
	[complete_text]
		``
[/episode]

[episode]
	71	0
	[episode_name]
		`瘟疫之源 1`
	[epic_index]
		4131	4132	4133	4134	4135	4136	4137	4138	4139
	[/epic_index]
	[complete_text]
		``
[/episode]

[episode]
	71	0
	[episode_name]
		`瘟疫之源 2`
	[epic_index]
		4185	4186	4187	4188	4189	4190
	[/epic_index]
	[complete_text]
		``
[/episode]

[episode]
	72	0
	[episode_name]
		`卡勒特之初 1`
	[epic_index]
		4140	4141	4142	4143	4144	4145	4146	4147	4148	4149
	[/epic_index]
	[complete_text]
		``
[/episode]

[episode]
	72	0
	[episode_name]
		`卡勒特之初 2`
	[epic_index]
		4191	4192	4193	4194	4195
	[/epic_index]
	[complete_text]
		``
[/episode]

[episode]
	73	0
	[episode_name]
		`暗黑圣戰 1`
	[epic_index]
		4150	4151	4152	4153	4154	4155	4156	4157	4158	4159
	[/epic_index]
	[complete_text]
		``
[/episode]

[episode]
	73	0
	[episode_name]
		`暗黑圣戰 2`
	[epic_index]
		4196	4197	4198	4199	4200
	[/epic_index]
	[complete_text]
		``
[/episode]

[episode]
	74	0
	[episode_name]
		`絕密區域 1`
	[epic_index]
		4160	4161	4162	4163	4164	4165	4166	4167	4168
	[/epic_index]
	[complete_text]
		``
[/episode]

[episode]
	74	0
	[episode_name]
		`找不到代碼shonan_name_time01`
	[epic_index]
	[/epic_index]
	[complete_text]
		`找不到代碼shonan_complete_time01`
[/episode]

[episode]
	74	0
	[episode_name]
		`絕密區域 2`
	[epic_index]
		4211	4219	4223	4229	4230
	[/epic_index]
	[complete_text]
		``
[/episode]

[episode]
	75	0
	[episode_name]
		`昔日悲鳴 1`
	[epic_index]
		4169	4170	4171	4172	4173	4174	4175
	[/epic_index]
	[complete_text]
		``
[/episode]

[episode]
	75	0
	[episode_name]
		`昔日悲鳴 2`
	[epic_index]
		4231	4232	4233	4234	4235
	[/epic_index]
	[complete_text]
		``
[/episode]

[episode]
	76	0
	[episode_name]
		`凜冬 1`
	[epic_index]
		4176	4177	4178	4179	4180	4181	4182	4183
	[/epic_index]
	[complete_text]
		``
[/episode]

[episode]
	76	0
	[episode_name]
		`凜冬 2`
	[epic_index]
		4247	4248	4249	4250	4251
	[/epic_index]
	[complete_text]
		``
[/episode]

[episode]
	77	0
	[episode_name]
		`謎之覺悟 1`
	[epic_index]
		4236	4237	4238	4239	4240	4241	4242	4243	4244	4245	4246
	[/epic_index]
	[complete_text]
		``
[/episode]

[episode]
	77	0
	[episode_name]
		`謎之覺悟 2`
	[epic_index]
		4252	4253	4254	4255	4256	4299	4300
	[/epic_index]
	[complete_text]
		``
[/episode]

[episode]
	78	0
	[episode_name]
		`卡勒特指揮部`
	[epic_index]
		4398	4399	4400	4401	4402	4403	4412
	[/epic_index]
	[complete_text]
		``
[/episode]

[episode]
	2	0
	[episode_name]
		`時間的碎片1`
	[epic_index]
		4465
	[/epic_index]
	[complete_text]
		``
[/episode]

[episode]
	15	0
	[episode_name]
		`時間的碎片2`
	[epic_index]
		4477
	[/epic_index]
	[complete_text]
		``
[/episode]

[episode]
	16	0
	[episode_name]
		`時間的碎片3`
	[epic_index]
		4478
	[/epic_index]
	[complete_text]
		``
[/episode]

[episode]
	27	0
	[episode_name]
		`時間的碎片4`
	[epic_index]
		4479
	[/epic_index]
	[complete_text]
		``
[/episode]

[episode]
	37	0
	[episode_name]
		`時間的碎片5`
	[epic_index]
		4480
	[/epic_index]
	[complete_text]
		``
[/episode]

[episode]
	40	0
	[episode_name]
		`時間的碎片6`
	[epic_index]
		4481
	[/epic_index]
	[complete_text]
		``
[/episode]

[episode]
	42	0
	[episode_name]
		`時間的碎片7`
	[epic_index]
		4482
	[/epic_index]
	[complete_text]
		``
[/episode]

[episode]
	46	0
	[episode_name]
		`時間的碎片8`
	[epic_index]
		4483
	[/epic_index]
	[complete_text]
		``
[/episode]

[episode]
	48	0
	[episode_name]
		`時間的碎片9`
	[epic_index]
		4484
	[/epic_index]
	[complete_text]
		``
[/episode]

[episode]
	52	0
	[episode_name]
		`時間的碎片10`
	[epic_index]
		4485
	[/epic_index]
	[complete_text]
		``
[/episode]

[episode]
	55	0
	[episode_name]
		`時間的碎片11`
	[epic_index]
		4486
	[/epic_index]
	[complete_text]
		``
[/episode]

[episode]
	65	0
	[episode_name]
		`時間的碎片12`
	[epic_index]
		4487
	[/epic_index]
	[complete_text]
		``
[/episode]

[episode]
	10	70
	[episode_name]
		`任務點改版`
	[epic_index]
		9612	9613	9614	9615	9616	9617	9618
	[/epic_index]
	[complete_text]
		`任務點（QP）經過改版已不在主線任務中獲取
等級每提升LV.10即可通過此系列專屬任務獲得任務點（QP）。`
[/episode]
