#PVF_File

1
`Goblin/Goblin.mob`
2
`Goblin/GoblinThrower.mob`
3
`Goblin/SeaGab.mob`
4
`Goblin/HillGab.mob`
5
`Goblin/GoblinTaskmaster.mob`
6
`Goblin/GoblinThrowerTaskmaster.mob`
7
`Goblin/FlagHillGab.mob`
8
`Goblin/FlagSeaGab.mob`
9
`Goblin/Kinol.mob`
10
`Goblin/CowardGoblin.mob`
11
`Tau/TauArmy.mob`
12
`Tau/TauBeast.mob`
13
`Tau/TauAssaulter.mob`
14
`Tau/TauGuard.mob`
15
`Tau/Shauta.mob`
21
`Soceress/Keraha.mob`
22
`Soceress/Vinoshu.mob`
31
`Golem/StoneGolem.mob`
32
`Golem/SteelGolem.mob`
33
`Golem/ClayGolem.mob`
34
`Golem/BronzeGolem.mob`
35
`Golem/GoldGolem.mob`
37
`DollMaster/StoneMaster.mob`
38
`DollMaster/SteelMaster.mob`
39
`DollMaster/ClayMaster.mob`
40
`DollMaster/MasterDogri.mob`
50
`FlyDragon/Serimalion.mob`
51
`FlyDragon/LooseSeri.mob`
52
`FlyDragon/HarseSeri.mob`
53
`FlyDragon/Selion.mob`
60
`Goblin/BombKagel.mob`
61
`Goblin/SurikenKagel.mob`
63
`Goblin/SoceressGoblin.mob`
70
`Draconian/Mirkius.mob`
71
`Draconian/Lakius.mob`
200
`Hunter/Hunter.mob`
201
`Hunter/Alex.mob`
202
`Hunter/Master.mob`
210
`Zombie/ZombieZombie.mob`
211
`Zombie/ZombieHollowEye.mob`
212
`Zombie/ZombieGhoulgwish.mob`
220
`SpaceFish/SpaceFish.mob`
221
`SpaceFish/SpaceFishLong.mob`
222
`SpaceFish/Crokuta.mob`
250
`StarFish/StarFish.mob`
251
`StarFish/StarFishKing.mob`
252
`StarFish/StarFishRukuku.mob`
253
`StarFish/StarFishDevourer.mob`
260
`Zealot/Raxy-A.mob`
261
`Zealot/Father.mob`
262
`Zealot/Pope.mob`
263
`Zealot/Craxy.mob`
264
`Zealot/Raxy-B.mob`
265
`Zealot/BossFather.mob`
266
`Zealot/BossPope.mob`
270
`Vehicle/Catapult.mob`
271
`Vehicle/BattlinGram.mob`
272
`Vehicle/CatapultFlame.mob`
273
`Vehicle/CatapultLaser.mob`
280
`Zepplin/Zepplin.mob`
281
`Zepplin/ZepplinMachineGun.mob`
400
`Ghoul/Ghoul.mob`
401
`Ghoul/GhoulThrower.mob`
402
`Ghoul/GhoulMorgan.mob`
403
`Ghoul/GhoulStand.mob`
404
`Ghoul/GhoulThrowerStand.mob`
405
`Ghoul/GhoulNoMercy.mob`
406
`Ghoul/GhoulNoMercyStand.mob`
407
`Magma/Magma_Ghoul.mob`
408
`Magma/Magma_GhoulStand.mob`
410
`Wraith/Wraith.mob`
411
`Wraith/WraithSpectress.mob`
420
`Spider/Spider.mob`
421
`Spider/SpiderPoison.mob`
422
`Spider/SpiderBoss.mob`
430
`Spider/YoungSpider.mob`
500
`Dendroid/Dendroid.mob`
501
`Dendroid/Goliden.mob`
502
`Dendroid/Rodinglo.mob`
600
`Spirit/WaterSpirit.mob`
601
`Spirit/FireSpirit.mob`
602
`Spirit/DarkSpirit.mob`
603
`Spirit/LightSpirit.mob`
700
`Soldier/Expeller.mob`
701
`Soldier/AxeExpeller.mob`
702
`Soldier/HeavenExpeller.mob`
704
`Soldier/LegionExpeller.mob`
705
`Soldier/TinSwordManExpeller.mob`
711
`Soldier/HammerKing.mob`
750
`EvilEye/EvilEye.mob`
760
`Magma/BossAtlas.mob`
761
`Magma/BossGoliath.mob`
762
`Magma/BossTitan.mob`
900
`Goblin/GoblinHodor.mob`
901
`Soldier/SandorExpeller.mob`
902
`Soceress/Luis.mob`
903
`MonsterFlower/Auxo.mob`
904
`SpikeKing/SpikeKing.mob`
5001
`Lugaru/Lugaru.mob`
5002
`Lugaru/Kurogaru.mob`
5003
`Lugaru/Sirogaru.mob`
5004
`Lugaru/Penril.mob`
60001
`Fighter/FighterIllusion.mob`
60002
`Gunner/Robot/RX78.mob`
60003
`Gunner/Robot/Ez8.mob`
60004
`Gunner/Robot/Exs.mob`
60005
`Goblin/MageGoblin.mob`
60006
`Spirit/MageWaterSpirit.mob`
60007
`Spirit/MageFireSpirit.mob`
60008
`Spirit/MageDarkSpirit.mob`
60009
`Spirit/MageLightSpirit.mob`
60010
`Mage/ProvocationDoll.mob`
50000
`Lugaru/Gardener_Ral.mob`
50001
`Zombie/KalKazak.mob`
50002
`Tau/Rock_Moud.mob`
50003
`Goblin/BunkerWorker.mob`
50004
`Goblin/Prag.mob`
50005
`FlyDragon/Dash_Rez.mob`
50006
`DollMaster/IceDoll_Sharedo.mob`
50007
`Draconian/AuraHunter_Sius.mob`
50008
`Golem/StoneBlade_Razor.mob`
50009
`Zealot/EvangelistOfDawn.mob`
50010
`Zealot/EvangelistOfLight.mob`
50011
`Zealot/EvangelistOfTwilight.mob`
50012
`Zealot/EvangelistOfDark.mob`
50023
`Soceress/FlameSoceress.mob`
50024
`Soceress/IceSoceress.mob`
50030
`Magma/Atlas.mob`
50031
`Magma/Goliath.mob`
50032
`Magma/Titan.mob`
50033
`Magma/BurningHella.mob`
50034
`Magma/OilSellerOlrek.mob`
50062
`Goblin/BullsEye.mob`
50063
`Soldier/AxionExpeller.mob`
50064
`Soldier/guard_fire.mob`
50065
`Soldier/guard_wind.mob`
50066
`Soldier/guard_block.mob`
50067
`Soldier/guard_ice.mob`
50068
`Soldier/guard_light.mob`
40001
`Goblin/WarRoom_SoceressGoblin.mob`
40002
`Goblin/WarRoom_GoblinTaskmaster.mob`
40003
`Goblin/WarRoom_GoblinThrowerTaskmaster.mob`
40004
`Goblin/WarRoom_FastBombKagel.mob`
41001
`Goblin/WarRoom_Champion_SoceressGoblin.mob`
41002
`Goblin/WarRoom_Champion_GoblinTaskmaster.mob`
41003
`Goblin/WarRoom_Champion_GoblinThrowerTaskmaster.mob`
41004
`Hunter/WarRoom_Champion_Hunter.mob`
41005
`Vehicle/WarRoom_Champion_Catapult.mob`
42001
`Goblin/WarRoom_Super_Champion_EliteGoblin.mob`
42002
`Hunter/WarRoom_Super_Champion_Hunter.mob`
42003
`Hunter/WarRoom_Super_Champion_Alex.mob`
42004
`Vehicle/WarRoom_Super_Champion_Catapult.mob`
43001
`Goblin/WarRoom_Boss_Kinol.mob`
43002
`Goblin/WarRoom_Boss_KingGalok.mob`
43003
`Hunter/WarRoom_Boss_Alex.mob`
3000
`LordofLight/LordofLight.mob`
3001
`Golem/Platany.mob`
3002
`Lotus/Lotus.mob`