#PVF_File

1
`ATSwordman/DarkSlash.skl`
2
`ATSwordman/ChainSlash.skl`
3
`ATSwordman/Siryun.skl`
4
`ATSwordman/Guard.skl`
5
`ATSwordman/UpperSlash.skl`
6
`ATSwordman/SpinSlash.skl`
7
`ATSwordman/MountainCrash.skl`
8
`ATSwordman/LiftSlash.skl`
9
`ATSwordman/Flash.skl`
10
`ATSwordman/CounterSlash.skl`
11
`ATSwordman/AutoGuard.skl`
12
`ATSwordman/IllusionBlade.skl`
13
`ATSwordman/SpeedSlash.skl`
14
`ATSwordman/OverDrive.skl`
15
`ATSwordman/HalfMoon.skl`
16
`ATSwordman/InnerBlade.skl`
17
`ATSwordman/DrawSword.skl`
18
`ATSwordman/Excalibur.skl`
19
`ATSwordman/GigaBlade.skl`
20
`ATSwordman/ClawBlade.skl`
21
`ATSwordman/ChangeSword.skl`
22
`ATSwordman/ArmorMasteryLightSM.skl`
23
`ATSwordman/ArmorMasteryHeavyDS.skl`
26
`ATSwordman/ThunderSlash.skl`
27
`ATSwordman/DevilSlash.skl`
28
`ATSwordman/DarkStrike.skl`
29
`ATSwordman/GroupDance.skl`
31
`ATSwordman/CallDaimus.skl`
32
`ATSwordman/Frenzy.skl`
33
`ATSwordman/MagicSwordUp.skl`
34
`ATSwordman/PikeSword.skl`
35
`ATSwordman/WillPower.skl`
36
`ATSwordman/SnakeDance.skl`
37
`ATSwordman/WhipSwordBal.skl`
38
`ATSwordman/Devilishness.skl`
41
`ATSwordman/WildWhip.skl`
42
`ATSwordman/Greed.skl`
46
`ATSwordman/Execution.skl`
47
`ATSwordman/BloodSeal.skl`
51
`ATSwordman/BloodDance.skl`
52
`ATSwordman/BladeSoul.skl`
54
`ATSwordman/TimeSlash.skl`
161
`ATSwordman/BasicAttackUpEx.skl`
169
`ATSwordman/BackStep.skl`
172
`ATSwordman/ArmorMasteryLight.skl`
173
`ATSwordman/ArmorMasteryHeavy.skl`
174
`ATSwordman/BasicAttackUp.skl`
175
`ATSwordman/JumpPowerUp.skl`
176
`ATSwordman/MagicalAttackUp.skl`
177
`ATSwordman/ThrowMastery.skl`
178
`ATSwordman/PhysicalBackAttackCritical.skl`
179
`ATSwordman/DisjointItem.skl`
180
`ATSwordman/SuperArmorOnCast.skl`
181
`ATSwordman/CompoundCraft.skl`
182
`ATSwordman/CompoundWeaving.skl`
183
`ATSwordman/CompoundMachine.skl`
184
`ATSwordman/CompoundChemistry.skl`
185
`ATSwordman/ArmorMasteryLeather.skl`
186
`ATSwordman/PhysicalCriticalHitUp.skl`
187
`ATSwordman/ArmorMasteryCloth.skl`
188
`ATSwordman/MagicalCriticalHitUp.skl`
189
`ATSwordman/MagicalBackAttackCritical.skl`
190
`ATSwordman/QuickStanding.skl`
195
`ATSwordman/BasicHpMaxUp.skl`
196
`ATSwordman/ArmorMasteryPlate.skl`
197
`ATSwordman/Conversion.skl`
200
`ATSwordman/StatusUp.skl`
201
`ATSwordman/ExperienceUp.skl`
191
`ATSwordman/Enchant.skl`
192
`ATSwordman/DollMaking.skl`
193
`ATSwordman/Alchemy.skl`
194
`ATSwordman/OpenDisjointShop.skl`
210
`ATSwordman/DarkSlashEx.skl`
211
`ATSwordman/ChainSlashEx.skl`
212
`ATSwordman/SpeedSlashEx.skl`
213
`ATSwordman/SiryunEx.skl`
214
`ATSwordman/GuardEx.skl`
215
`ATSwordman/LiftSlashEx.skl`
216
`ATSwordman/MountainCrashEx.skl`
217
`ATSwordman/ExecutionEx.skl`
218
`ATSwordman/SpinSlashEx.skl`
219
`ATSwordman/ChangeSwordEx.skl`
220
`ATSwordman/CounterSlashEx.skl`
221
`ATSwordman/AutoGuardEx.skl`
224
`ATSwordman/IllusionBladeEx.skl`
225
`ATSwordman/UpperSlashEx.skl`
226
`ATSwordman/ThunderSlashEx.skl`
227
`ATSwordman/MagicSwordUpEx.skl`
228
`ATSwordman/FlashEx.skl`
229
`ATSwordman/HalfMoonEx.skl`
230
`ATSwordman/ExcaliburEx.skl`
231
`ATSwordman/DevilSlashEx.skl`
234
`ATSwordman/CallDaimusEx.skl`
235
`ATSwordman/WhipSwordBalEx.skl`
236
`ATSwordman/FrenzyEx.skl`
237
`ATSwordman/SnakeDanceEx.skl`
238
`ATSwordman/ClawBladeEx.skl`
239
`ATSwordman/WildWhipEx.skl`
240
`ATSwordman/PikeSwordEx.skl`
241
`ATSwordman/WillPowerEx.skl`
242
`ATSwordman/BloodSealEx.skl`
243
`ATSwordman/DarkStrikeEx.skl`
244
`ATSwordman/GroupDanceEx.skl`
245
`ATSwordman/BloodDanceEx.skl`